oderdetails -> orderid
products -> productname, quantity, unitprice, subtotal
categories -> categoryname
suppliers -> companyname
limit 100;

orderdetails - products -> productid
products - categories -> categoryid
products - suppliers ->supplierid


ordenes - empleados - regiones
	  customerid regionid -> regiondescription

firstname lastname, regiondescription, orderid

MySQL Shell 8.0.12

Copyright (c) 2016, 2018, Oracle and/or its affiliates. All rights reserved.

Oracle is a registered trademark of Oracle Corporation and/or its
affiliates. Other names may be trademarks of their respective
owners.

Type '\help' or '\?' for help; '\quit' to exit.


 MySQL  JS > \sql
Switching to SQL mode... Commands end with ;

 MySQL  SQL > \connect --mysql root@localhost
Creating a Classic session to 'root@localhost'
Please provide the password for 'root@localhost': ****
Save password for 'root@localhost:3306'? [Y]es/[N]o/Ne[v]er (default No): n
Fetching schema names for autocompletion... Press ^C to stop.
Your MySQL connection id is 1
Server version: 5.5.61 MySQL Community Server (GPL)
No default schema selected; type \use <schema> to set one.

 MySQL  localhost:3306  SQL > \use sakila
Default schema set to `sakila`.
Fetching table and column names from `sakila` for auto-completion... Press ^C to stop.

 MySQL  localhost:3306  sakila  SQL > dhow tables;
ERROR: 1064 (42000): You have an error in your SQL syntax; check the manual that corresponds to your MySQL server version for the right syntax to use near 'dhow tables' at line 1

 MySQL  localhost:3306  sakila  SQL > show tables;
+----------------------------+
| Tables_in_sakila           |
+----------------------------+
| actor                      |
| actor_info                 |
| address                    |
| category                   |
| city                       |
| country                    |
| customer                   |
| customer_list              |
| film                       |
| film_actor                 |
| film_category              |
| film_list                  |
| inventory                  |
| language                   |
| nicer_but_slower_film_list |
| payment                    |
| rental                     |
| sales_by_film_category     |
| sales_by_store             |
| staff                      |
| staff_list                 |
| store                      |
+----------------------------+
22 rows in set (0.0006 sec)

 MySQL  localhost:3306  sakila  SQL > \use northwind
Default schema set to `northwind`.
Fetching table and column names from `northwind` for auto-completion... Press ^C to stop.

 MySQL  localhost:3306  northwind  SQL > show ttables;
ERROR: 1064 (42000): You have an error in your SQL syntax; check the manual that corresponds to your MySQL server version for the right syntax to use near 'ttables' at line 1

 MySQL  localhost:3306  northwind  SQL > show tables;
+-----------------------------+
| Tables_in_northwind         |
+-----------------------------+
| customers                   |
| employee_privileges         |
| employees                   |
| inventory_transaction_types |
| order_details               |
| order_details_status        |
| orders_status               |
| orders_tax_status           |
| privileges                  |
| products                    |
| purchase_order_details      |
| purchase_order_status       |
| sales_reports               |
| shippers                    |
| strings                     |
| suppliers                   |
+-----------------------------+
16 rows in set (0.0005 sec)

 MySQL  localhost:3306  northwind  SQL > select a.orderid, b.productname, a.unitprice, a.quantity,
                                     ... (a.unitprice * a.quantity) as subtotal
                                     ... from orderdetails a
                                     ... inner join products b
                                     ... on a.productid = b.productid limit 20;
ERROR: 1146 (42S02): Table 'northwind.orderdetails' doesn't exist

 MySQL  localhost:3306  northwind  SQL > select a.orderid, b.productname, a.unitprice, a.quantity, (a.unitprice * a.quantity) as subtotal from orderdetail a inner join products b on a.productid = b.productid limit 20;
ERROR: 1146 (42S02): Table 'northwind.orderdetail' doesn't exist

 MySQL  localhost:3306  northwind  SQL > select a.orderid, b.productname, a.unitprice, a.quantity, (a.unitprice * a.quantity) as subtotal from order_details a inner join products b on a.productid = b.productid limit 20;
ERROR: 1054 (42S22): Unknown column 'a.orderid' in 'field list'

 MySQL  localhost:3306  northwind  SQL > select a.order_id, b.productname, a.unitprice, a.quantity, (a.unitprice * a.quantity) as subtotal from order_details a inner join products b on a.productid = b.productid limit 20;
ERROR: 1054 (42S22): Unknown column 'b.productname' in 'field list'

 MySQL  localhost:3306  northwind  SQL > select a.order_id, b.product_name, a.unit_price, a.quantity, (a.unit_price * a.quantity) as subtotal from order_details a inner join products b on a.product_id = b.product_id limit 20;
ERROR: 1054 (42S22): Unknown column 'b.product_id' in 'on clause'

 MySQL  localhost:3306  northwind  SQL > select a.order_id, b.product_name, a.unit_price, a.quantity, (a.unit_price * a.quantity) as subtotal from order_details a inner join products b on a.product_id = b.product_code limit 20;
Empty set (0.0004 sec)

 MySQL  localhost:3306  northwind  SQL > select a.order_id, b.product_name, a.unit_price, a.quantity, (a.unit_price * a.quantity) as subtotal from order_details a inner join products b on a.product_id = b.id limit 20;
Empty set (0.0003 sec)

 MySQL  localhost:3306  northwind  SQL > select a.order_id, b.product_name, a.unit_price, a.quantity, (a.unit_price * a.quantity) as subtotal from order_details a inner join products b on a.product_id = b.id limit 20;
ERROR: 1146 (42S02): Table 'northwind.order_details' doesn't exist

 MySQL  localhost:3306  northwind  SQL > select a.orderid, b.productname, a.unitprice, a.quantity, (a.unitprice * a.quantity) as subtotal from orderdetails a inner join products b on a.productid = b.productid limit 20;
+---------+--------------+-----------+----------+-----------+
| orderid | productname  | unitprice | quantity | subtotal  |
+---------+--------------+-----------+----------+-----------+
|   10265 | Alice Mutton |   31.2000 |       30 |  936.0000 |
|   10279 | Alice Mutton |   31.2000 |       15 |  468.0000 |
|   10294 | Alice Mutton |   31.2000 |       15 |  468.0000 |
|   10302 | Alice Mutton |   31.2000 |       40 | 1248.0000 |
|   10319 | Alice Mutton |   31.2000 |        8 |  249.6000 |
|   10338 | Alice Mutton |   31.2000 |       20 |  624.0000 |
|   10339 | Alice Mutton |   31.2000 |       70 | 2184.0000 |
|   10346 | Alice Mutton |   31.2000 |       36 | 1123.2000 |
|   10415 | Alice Mutton |   31.2000 |        2 |   62.4000 |
|   10430 | Alice Mutton |   31.2000 |       45 | 1404.0000 |
|   10431 | Alice Mutton |   31.2000 |       50 | 1560.0000 |
|   10444 | Alice Mutton |   31.2000 |       10 |  312.0000 |
|   10523 | Alice Mutton |   39.0000 |       25 |  975.0000 |
|   10530 | Alice Mutton |   39.0000 |       40 | 1560.0000 |
|   10550 | Alice Mutton |   39.0000 |        8 |  312.0000 |
|   10564 | Alice Mutton |   39.0000 |       16 |  624.0000 |
|   10573 | Alice Mutton |   39.0000 |       18 |  702.0000 |
|   10607 | Alice Mutton |   39.0000 |      100 | 3900.0000 |
|   10686 | Alice Mutton |   39.0000 |       30 | 1170.0000 |
|   10696 | Alice Mutton |   39.0000 |       20 |  780.0000 |
+---------+--------------+-----------+----------+-----------+
20 rows in set (0.0011 sec)

 MySQL  localhost:3306  northwind  SQL > select a.orderid, b.productname, b.quantity, b.unitprice, b.subtotal
                                     ... c.categoryname, d.companyname from orderdetails a
                                     ... inner join products b
                                     ... on a.productid = b.productid
                                     ... join categories c
                                     ... on b.categoryid = c.categoryid
                                     ... join suppliers d
                                     ... on b.supplierid = d.supplierid limit 100;
ERROR: 1064 (42000): You have an error in your SQL syntax; check the manual that corresponds to your MySQL server version for the right syntax to use near '.categoryname, d.companyname from orderdetails a
inner join products b
on a.prod' at line 2

 MySQL  localhost:3306  northwind  SQL > select a.orderid, b.productname, b.quantity, b.unitprice, b.subtotal, c.categoryname, d.companyname from orderdetails a inner join products b on a.productid = b.productid join categories c on b.categoryid = c.categoryid join suppliers d on b.supplierid = d.supplierid limit 100;
ERROR: 1054 (42S22): Unknown column 'b.quantity' in 'field list'

 MySQL  localhost:3306  northwind  SQL > select a.orderid, b.productname, b.quantityperunit, b.unitprice, b.subtotal, c.categoryname, d.companyname from orderdetails a inner join products b on a.productid = b.productid join categories c on b.categoryid = c.categoryid join suppliers d on b.supplierid = d.supplierid limit 100;
ERROR: 1054 (42S22): Unknown column 'b.subtotal' in 'field list'

 MySQL  localhost:3306  northwind  SQL > select a.orderid, b.productname, a.quantity, b.unitprice, (a.quantity * a.unitprice), c.categoryname, d.companyname from orderdetails a inner join products b on a.productid = b.productid join categories c on b.categoryid = c.categoryid join suppliers d on b.supplierid = d.supplierid limit 100;
+---------+------------------+----------+-----------+----------------------------+--------------+---------------------------+
| orderid | productname      | quantity | unitprice | (a.quantity * a.unitprice) | categoryname | companyname               |
+---------+------------------+----------+-----------+----------------------------+--------------+---------------------------+
|   10285 | Chai             |       45 |   18.0000 |                   648.0000 | Beverages    | Exotic Liquids            |
|   10294 | Chai             |       18 |   18.0000 |                   259.2000 | Beverages    | Exotic Liquids            |
|   10317 | Chai             |       20 |   18.0000 |                   288.0000 | Beverages    | Exotic Liquids            |
|   10348 | Chai             |       15 |   18.0000 |                   216.0000 | Beverages    | Exotic Liquids            |
|   10354 | Chai             |       12 |   18.0000 |                   172.8000 | Beverages    | Exotic Liquids            |
|   10370 | Chai             |       15 |   18.0000 |                   216.0000 | Beverages    | Exotic Liquids            |
|   10406 | Chai             |       10 |   18.0000 |                   144.0000 | Beverages    | Exotic Liquids            |
|   10413 | Chai             |       24 |   18.0000 |                   345.6000 | Beverages    | Exotic Liquids            |
|   10477 | Chai             |       15 |   18.0000 |                   216.0000 | Beverages    | Exotic Liquids            |
|   10522 | Chai             |       40 |   18.0000 |                   720.0000 | Beverages    | Exotic Liquids            |
|   10526 | Chai             |        8 |   18.0000 |                   144.0000 | Beverages    | Exotic Liquids            |
|   10576 | Chai             |       10 |   18.0000 |                   180.0000 | Beverages    | Exotic Liquids            |
|   10590 | Chai             |       20 |   18.0000 |                   360.0000 | Beverages    | Exotic Liquids            |
|   10609 | Chai             |        3 |   18.0000 |                    54.0000 | Beverages    | Exotic Liquids            |
|   10611 | Chai             |        6 |   18.0000 |                   108.0000 | Beverages    | Exotic Liquids            |
|   10628 | Chai             |       25 |   18.0000 |                   450.0000 | Beverages    | Exotic Liquids            |
|   10646 | Chai             |       15 |   18.0000 |                   270.0000 | Beverages    | Exotic Liquids            |
|   10689 | Chai             |       35 |   18.0000 |                   630.0000 | Beverages    | Exotic Liquids            |
|   10691 | Chai             |       30 |   18.0000 |                   540.0000 | Beverages    | Exotic Liquids            |
|   10700 | Chai             |        5 |   18.0000 |                    90.0000 | Beverages    | Exotic Liquids            |
|   10729 | Chai             |       50 |   18.0000 |                   900.0000 | Beverages    | Exotic Liquids            |
|   10752 | Chai             |        8 |   18.0000 |                   144.0000 | Beverages    | Exotic Liquids            |
|   10838 | Chai             |        4 |   18.0000 |                    72.0000 | Beverages    | Exotic Liquids            |
|   10847 | Chai             |       80 |   18.0000 |                  1440.0000 | Beverages    | Exotic Liquids            |
|   10863 | Chai             |       20 |   18.0000 |                   360.0000 | Beverages    | Exotic Liquids            |
|   10869 | Chai             |       40 |   18.0000 |                   720.0000 | Beverages    | Exotic Liquids            |
|   10905 | Chai             |       20 |   18.0000 |                   360.0000 | Beverages    | Exotic Liquids            |
|   10911 | Chai             |       10 |   18.0000 |                   180.0000 | Beverages    | Exotic Liquids            |
|   10918 | Chai             |       60 |   18.0000 |                  1080.0000 | Beverages    | Exotic Liquids            |
|   10935 | Chai             |       21 |   18.0000 |                   378.0000 | Beverages    | Exotic Liquids            |
|   11003 | Chai             |        4 |   18.0000 |                    72.0000 | Beverages    | Exotic Liquids            |
|   11005 | Chai             |        2 |   18.0000 |                    36.0000 | Beverages    | Exotic Liquids            |
|   11006 | Chai             |        8 |   18.0000 |                   144.0000 | Beverages    | Exotic Liquids            |
|   11025 | Chai             |       10 |   18.0000 |                   180.0000 | Beverages    | Exotic Liquids            |
|   11031 | Chai             |       45 |   18.0000 |                   810.0000 | Beverages    | Exotic Liquids            |
|   11035 | Chai             |       10 |   18.0000 |                   180.0000 | Beverages    | Exotic Liquids            |
|   11047 | Chai             |       25 |   18.0000 |                   450.0000 | Beverages    | Exotic Liquids            |
|   11070 | Chai             |       40 |   18.0000 |                   720.0000 | Beverages    | Exotic Liquids            |
|   10255 | Chang            |       20 |   19.0000 |                   304.0000 | Beverages    | Exotic Liquids            |
|   10258 | Chang            |       50 |   19.0000 |                   760.0000 | Beverages    | Exotic Liquids            |
|   10264 | Chang            |       35 |   19.0000 |                   532.0000 | Beverages    | Exotic Liquids            |
|   10298 | Chang            |       40 |   19.0000 |                   608.0000 | Beverages    | Exotic Liquids            |
|   10327 | Chang            |       25 |   19.0000 |                   380.0000 | Beverages    | Exotic Liquids            |
|   10335 | Chang            |        7 |   19.0000 |                   106.4000 | Beverages    | Exotic Liquids            |
|   10342 | Chang            |       24 |   19.0000 |                   364.8000 | Beverages    | Exotic Liquids            |
|   10393 | Chang            |       25 |   19.0000 |                   380.0000 | Beverages    | Exotic Liquids            |
|   10418 | Chang            |       60 |   19.0000 |                   912.0000 | Beverages    | Exotic Liquids            |
|   10435 | Chang            |       10 |   19.0000 |                   152.0000 | Beverages    | Exotic Liquids            |
|   10440 | Chang            |       45 |   19.0000 |                   684.0000 | Beverages    | Exotic Liquids            |
|   10469 | Chang            |       40 |   19.0000 |                   608.0000 | Beverages    | Exotic Liquids            |
|   10485 | Chang            |       20 |   19.0000 |                   304.0000 | Beverages    | Exotic Liquids            |
|   10504 | Chang            |       12 |   19.0000 |                   228.0000 | Beverages    | Exotic Liquids            |
|   10611 | Chang            |       10 |   19.0000 |                   190.0000 | Beverages    | Exotic Liquids            |
|   10622 | Chang            |       20 |   19.0000 |                   380.0000 | Beverages    | Exotic Liquids            |
|   10632 | Chang            |       30 |   19.0000 |                   570.0000 | Beverages    | Exotic Liquids            |
|   10641 | Chang            |       50 |   19.0000 |                   950.0000 | Beverages    | Exotic Liquids            |
|   10703 | Chang            |        5 |   19.0000 |                    95.0000 | Beverages    | Exotic Liquids            |
|   10714 | Chang            |       30 |   19.0000 |                   570.0000 | Beverages    | Exotic Liquids            |
|   10722 | Chang            |        3 |   19.0000 |                    57.0000 | Beverages    | Exotic Liquids            |
|   10741 | Chang            |       15 |   19.0000 |                   285.0000 | Beverages    | Exotic Liquids            |
|   10766 | Chang            |       40 |   19.0000 |                   760.0000 | Beverages    | Exotic Liquids            |
|   10787 | Chang            |       15 |   19.0000 |                   285.0000 | Beverages    | Exotic Liquids            |
|   10792 | Chang            |       10 |   19.0000 |                   190.0000 | Beverages    | Exotic Liquids            |
|   10806 | Chang            |       20 |   19.0000 |                   380.0000 | Beverages    | Exotic Liquids            |
|   10813 | Chang            |       12 |   19.0000 |                   228.0000 | Beverages    | Exotic Liquids            |
|   10829 | Chang            |       10 |   19.0000 |                   190.0000 | Beverages    | Exotic Liquids            |
|   10851 | Chang            |        5 |   19.0000 |                    95.0000 | Beverages    | Exotic Liquids            |
|   10852 | Chang            |       15 |   19.0000 |                   285.0000 | Beverages    | Exotic Liquids            |
|   10856 | Chang            |       20 |   19.0000 |                   380.0000 | Beverages    | Exotic Liquids            |
|   10866 | Chang            |       21 |   19.0000 |                   399.0000 | Beverages    | Exotic Liquids            |
|   10885 | Chang            |       20 |   19.0000 |                   380.0000 | Beverages    | Exotic Liquids            |
|   10888 | Chang            |       20 |   19.0000 |                   380.0000 | Beverages    | Exotic Liquids            |
|   10939 | Chang            |       10 |   19.0000 |                   190.0000 | Beverages    | Exotic Liquids            |
|   10991 | Chang            |       50 |   19.0000 |                   950.0000 | Beverages    | Exotic Liquids            |
|   11021 | Chang            |       11 |   19.0000 |                   209.0000 | Beverages    | Exotic Liquids            |
|   11030 | Chang            |      100 |   19.0000 |                  1900.0000 | Beverages    | Exotic Liquids            |
|   11041 | Chang            |       30 |   19.0000 |                   570.0000 | Beverages    | Exotic Liquids            |
|   11049 | Chang            |       10 |   19.0000 |                   190.0000 | Beverages    | Exotic Liquids            |
|   11070 | Chang            |       20 |   19.0000 |                   380.0000 | Beverages    | Exotic Liquids            |
|   11072 | Chang            |        8 |   19.0000 |                   152.0000 | Beverages    | Exotic Liquids            |
|   11075 | Chang            |       10 |   19.0000 |                   190.0000 | Beverages    | Exotic Liquids            |
|   11077 | Chang            |       24 |   19.0000 |                   456.0000 | Beverages    | Exotic Liquids            |
|   10254 | Guaran Fantstica |       15 |    4.5000 |                    54.0000 | Beverages    | Refrescos Americanas LTDA |
|   10263 | Guaran Fantstica |       28 |    4.5000 |                   100.8000 | Beverages    | Refrescos Americanas LTDA |
|   10275 | Guaran Fantstica |       12 |    4.5000 |                    43.2000 | Beverages    | Refrescos Americanas LTDA |
|   10280 | Guaran Fantstica |       12 |    4.5000 |                    43.2000 | Beverages    | Refrescos Americanas LTDA |
|   10281 | Guaran Fantstica |        6 |    4.5000 |                    21.6000 | Beverages    | Refrescos Americanas LTDA |
|   10293 | Guaran Fantstica |       10 |    4.5000 |                    36.0000 | Beverages    | Refrescos Americanas LTDA |
|   10352 | Guaran Fantstica |       10 |    4.5000 |                    36.0000 | Beverages    | Refrescos Americanas LTDA |
|   10355 | Guaran Fantstica |       25 |    4.5000 |                    90.0000 | Beverages    | Refrescos Americanas LTDA |
|   10358 | Guaran Fantstica |       10 |    4.5000 |                    36.0000 | Beverages    | Refrescos Americanas LTDA |
|   10386 | Guaran Fantstica |       15 |    4.5000 |                    54.0000 | Beverages    | Refrescos Americanas LTDA |
|   10387 | Guaran Fantstica |       15 |    4.5000 |                    54.0000 | Beverages    | Refrescos Americanas LTDA |
|   10446 | Guaran Fantstica |       20 |    4.5000 |                    72.0000 | Beverages    | Refrescos Americanas LTDA |
|   10465 | Guaran Fantstica |       25 |    4.5000 |                    90.0000 | Beverages    | Refrescos Americanas LTDA |
|   10467 | Guaran Fantstica |       28 |    4.5000 |                   100.8000 | Beverages    | Refrescos Americanas LTDA |
|   10472 | Guaran Fantstica |       80 |    4.5000 |                   288.0000 | Beverages    | Refrescos Americanas LTDA |
|   10498 | Guaran Fantstica |       14 |    4.5000 |                    63.0000 | Beverages    | Refrescos Americanas LTDA |
|   10512 | Guaran Fantstica |       10 |    4.5000 |                    45.0000 | Beverages    | Refrescos Americanas LTDA |
|   10518 | Guaran Fantstica |        5 |    4.5000 |                    22.5000 | Beverages    | Refrescos Americanas LTDA |
+---------+------------------+----------+-----------+----------------------------+--------------+---------------------------+
100 rows in set (0.0212 sec)

 MySQL  localhost:3306  northwind  SQL > desc employees;
+-----------------+--------------+------+-----+---------+----------------+
| Field           | Type         | Null | Key | Default | Extra          |
+-----------------+--------------+------+-----+---------+----------------+
| EmployeeID      | int(11)      | NO   | PRI | NULL    | auto_increment |
| LastName        | varchar(20)  | NO   | MUL | NULL    |                |
| FirstName       | varchar(10)  | NO   |     | NULL    |                |
| Title           | varchar(30)  | YES  |     | NULL    |                |
| TitleOfCourtesy | varchar(25)  | YES  |     | NULL    |                |
| BirthDate       | datetime     | YES  |     | NULL    |                |
| HireDate        | datetime     | YES  |     | NULL    |                |
| Address         | varchar(60)  | YES  |     | NULL    |                |
| City            | varchar(15)  | YES  |     | NULL    |                |
| Region          | varchar(15)  | YES  |     | NULL    |                |
| PostalCode      | varchar(10)  | YES  | MUL | NULL    |                |
| Country         | varchar(15)  | YES  |     | NULL    |                |
| HomePhone       | varchar(24)  | YES  |     | NULL    |                |
| Extension       | varchar(4)   | YES  |     | NULL    |                |
| Notes           | mediumtext   | NO   |     | NULL    |                |
| ReportsTo       | int(11)      | YES  | MUL | NULL    |                |
| PhotoPath       | varchar(255) | YES  |     | NULL    |                |
| Salary          | float        | YES  |     | NULL    |                |
+-----------------+--------------+------+-----+---------+----------------+
18 rows in set (0.0053 sec)

 MySQL  localhost:3306  northwind  SQL > shot tables;
ERROR: 1064 (42000): You have an error in your SQL syntax; check the manual that corresponds to your MySQL server version for the right syntax to use near 'shot tables' at line 1

 MySQL  localhost:3306  northwind  SQL > show tables;
+----------------------+
| Tables_in_northwind  |
+----------------------+
| account              |
| categories           |
| customercustomerdemo |
| customerdemographics |
| customers            |
| empleados            |
| employees            |
| employeeterritories  |
| lista_empleados      |
| lista_empleados_a    |
| mi_rfc               |
| nombre_cliente       |
| orderdetails         |
| orders               |
| pagos_empleados      |
| personas             |
| products             |
| prueba2              |
| region               |
| rfc_gringos          |
| shippers             |
| suppliers            |
| territories          |
| ventas_producto      |
+----------------------+
24 rows in set (0.0006 sec)

 MySQL  localhost:3306  northwind  SQL > desc region;
+-------------------+-------------+------+-----+---------+-------+
| Field             | Type        | Null | Key | Default | Extra |
+-------------------+-------------+------+-----+---------+-------+
| RegionID          | int(11)     | NO   | PRI | NULL    |       |
| RegionDescription | varchar(50) | NO   |     | NULL    |       |
+-------------------+-------------+------+-----+---------+-------+
2 rows in set (0.0054 sec)

 MySQL  localhost:3306  northwind  SQL > desc orders;
+----------------+---------------+------+-----+---------+----------------+
| Field          | Type          | Null | Key | Default | Extra          |
+----------------+---------------+------+-----+---------+----------------+
| OrderID        | int(11)       | NO   | PRI | NULL    | auto_increment |
| CustomerID     | varchar(5)    | YES  | MUL | NULL    |                |
| EmployeeID     | int(11)       | YES  | MUL | NULL    |                |
| OrderDate      | datetime      | YES  | MUL | NULL    |                |
| RequiredDate   | datetime      | YES  |     | NULL    |                |
| ShippedDate    | datetime      | YES  | MUL | NULL    |                |
| ShipVia        | int(11)       | YES  | MUL | NULL    |                |
| Freight        | decimal(10,4) | YES  |     | 0.0000  |                |
| ShipName       | varchar(40)   | YES  |     | NULL    |                |
| ShipAddress    | varchar(60)   | YES  |     | NULL    |                |
| ShipCity       | varchar(15)   | YES  |     | NULL    |                |
| ShipRegion     | varchar(15)   | YES  |     | NULL    |                |
| ShipPostalCode | varchar(10)   | YES  | MUL | NULL    |                |
| ShipCountry    | varchar(15)   | YES  |     | NULL    |                |
+----------------+---------------+------+-----+---------+----------------+
14 rows in set (0.0049 sec)

 MySQL  localhost:3306  northwind  SQL > desc employees;
+-----------------+--------------+------+-----+---------+----------------+
| Field           | Type         | Null | Key | Default | Extra          |
+-----------------+--------------+------+-----+---------+----------------+
| EmployeeID      | int(11)      | NO   | PRI | NULL    | auto_increment |
| LastName        | varchar(20)  | NO   | MUL | NULL    |                |
| FirstName       | varchar(10)  | NO   |     | NULL    |                |
| Title           | varchar(30)  | YES  |     | NULL    |                |
| TitleOfCourtesy | varchar(25)  | YES  |     | NULL    |                |
| BirthDate       | datetime     | YES  |     | NULL    |                |
| HireDate        | datetime     | YES  |     | NULL    |                |
| Address         | varchar(60)  | YES  |     | NULL    |                |
| City            | varchar(15)  | YES  |     | NULL    |                |
| Region          | varchar(15)  | YES  |     | NULL    |                |
| PostalCode      | varchar(10)  | YES  | MUL | NULL    |                |
| Country         | varchar(15)  | YES  |     | NULL    |                |
| HomePhone       | varchar(24)  | YES  |     | NULL    |                |
| Extension       | varchar(4)   | YES  |     | NULL    |                |
| Notes           | mediumtext   | NO   |     | NULL    |                |
| ReportsTo       | int(11)      | YES  | MUL | NULL    |                |
| PhotoPath       | varchar(255) | YES  |     | NULL    |                |
| Salary          | float        | YES  |     | NULL    |                |
+-----------------+--------------+------+-----+---------+----------------+
18 rows in set (0.0235 sec)

 MySQL  localhost:3306  northwind  SQL > select b.firstname, b.lastname, c.regiondescription, a.orderid
                                     ... from orders a
                                     ... inner join ;
ERROR: 1064 (42000): You have an error in your SQL syntax; check the manual that corresponds to your MySQL server version for the right syntax to use near '' at line 3

 MySQL  localhost:3306  northwind  SQL > Este ejercicio se deja para mañana;
ERROR: 1064 (42000): You have an error in your SQL syntax; check the manual that corresponds to your MySQL server version for the right syntax to use near 'Este ejercicio se deja para ma��ana' at line 1

 MySQL  localhost:3306  northwind  SQL > Este ejercicio se deja para la siguiente practica (la 5);
