orderdetails
products

orderid, productname

MySQL Shell 8.0.12

Copyright (c) 2016, 2018, Oracle and/or its affiliates. All rights reserved.

Oracle is a registered trademark of Oracle Corporation and/or its
affiliates. Other names may be trademarks of their respective
owners.

Type '\help' or '\?' for help; '\quit' to exit.


 MySQL  JS > \connect --mysql root@localhost
Creating a Classic session to 'root@localhost'
Please provide the password for 'root@localhost': ****
Save password for 'root@localhost:3306'? [Y]es/[N]o/Ne[v]er (default No): n
Fetching schema names for autocompletion... Press ^C to stop.
Your MySQL connection id is 1
Server version: 5.5.61 MySQL Community Server (GPL)
No default schema selected; type \use <schema> to set one.

 MySQL  localhost:3306  JS > \sql
Switching to SQL mode... Commands end with ;

 MySQL  localhost:3306  SQL > \use evaluacion_2
Default schema set to `evaluacion_2`.
Fetching table and column names from `evaluacion_2` for auto-completion... Press ^C to stop.

 MySQL  localhost:3306  evaluacion_2  SQL > select* from tablaA;
ERROR: 1146 (42S02): Table 'evaluacion_2.tablaa' doesn't exist

 MySQL  localhost:3306  evaluacion_2  SQL > show tables;
+------------------------+
| Tables_in_evaluacion_2 |
+------------------------+
| a                      |
| b                      |
+------------------------+
2 rows in set (0.0006 sec)

 MySQL  localhost:3306  evaluacion_2  SQL > select * from a;
+--------+
| nombre |
+--------+
| 1      |
| 2      |
| 3      |
| 4      |
| 5      |
+--------+
5 rows in set (0.0003 sec)

 MySQL  localhost:3306  evaluacion_2  SQL > select * from b;
+--------+
| nombre |
+--------+
| A      |
| B      |
| C      |
| D      |
| E      |
+--------+
5 rows in set (0.0003 sec)

 MySQL  localhost:3306  evaluacion_2  SQL > desc a;
+--------+-------------+------+-----+---------+-------+
| Field  | Type        | Null | Key | Default | Extra |
+--------+-------------+------+-----+---------+-------+
| nombre | varchar(10) | YES  |     | NULL    |       |
+--------+-------------+------+-----+---------+-------+
1 row in set (0.0132 sec)

 MySQL  localhost:3306  evaluacion_2  SQL > desc b;
+--------+-------------+------+-----+---------+-------+
| Field  | Type        | Null | Key | Default | Extra |
+--------+-------------+------+-----+---------+-------+
| nombre | varchar(10) | YES  |     | NULL    |       |
+--------+-------------+------+-----+---------+-------+
1 row in set (0.0128 sec)

 MySQL  localhost:3306  evaluacion_2  SQL > create table tablaA (id int, nombre varchar(5));
Query OK, 0 rows affected (0.2858 sec)

 MySQL  localhost:3306  evaluacion_2  SQL > create table tablaB (id int, nombre varchar(5));
Query OK, 0 rows affected (0.5353 sec)
                                            insert into tablaa(id,nombre) values(1,'A'),(2,'B'),(3,'C'),(4,'D'),(5,'E');Query OK, 5 rows affected (0.4543 sec)SQL > insert into tablaa(id,nombre) values(1,'A'),(2,'B'),(3,'C'),(4,'D'),(5,'E');Query OK, 5 rows affected (3.5337 sec)      insert into tablaa(id,nombre) values(1,'A'),(2,'B'),(3,'C'),(4,'D'),(5,'E');Records: 5  Duplicatinsert into tablaa(id,nombre) values(1,'A'),(2,'B'),(3,'C'),(4,'D'),(5,'E');(3,'C'),(4,'D'),(5,'E');Records: 5  Duplicates:
Query OK, 5 rows affected (0.9012 sec)(id,noinsert into tablaa(id,nombre) values(1,'A'),(2,'B'),(3,'C'),(4,'D'),(5,'E');evaluacion_2  SQL > insert into tablaa(id,nombre) values(1,'A'),(2,'B'),(3,'C'),(4,'D'),(5,'insert into tablaa(id,nombre) values(1,'A'),(2,'B'),(3,'C'),(4,'D'),(5,'E');
Records: 5  Duplicates: 0  Warnings: 0SQL > insert into tablaa(id,nombre) values(1,'A'),(2,'B'),(3,'C'),(4,'D'),(5,'E');

 MySQL  localhost:3306  evaluacion_2  SQL > insert into tablab(id,nombre) values(1,'A'),(2,'B'),(3,'X'),(4,'Y'),(5,'Z');
Query OK, 5 rows affected (0.8460 sec)

Records: 5  Duplicates: 0  Warnings: 0

 MySQL  localhost:3306  evaluacion_2  SQL > show tables;
+------------------------+
| Tables_in_evaluacion_2 |
+------------------------+
| a                      |
| b                      |
| tablaa                 |
| tablab                 |
+------------------------+
4 rows in set (0.0006 sec)

 MySQL  localhost:3306  evaluacion_2  SQL > desc tablaa;
+--------+------------+------+-----+---------+-------+
| Field  | Type       | Null | Key | Default | Extra |
+--------+------------+------+-----+---------+-------+
| id     | int(11)    | YES  |     | NULL    |       |
| nombre | varchar(5) | YES  |     | NULL    |       |
+--------+------------+------+-----+---------+-------+
2 rows in set (0.0144 sec)

 MySQL  localhost:3306  evaluacion_2  SQL > desc tablab;
+--------+------------+------+-----+---------+-------+
| Field  | Type       | Null | Key | Default | Extra |
+--------+------------+------+-----+---------+-------+
| id     | int(11)    | YES  |     | NULL    |       |
| nombre | varchar(5) | YES  |     | NULL    |       |
+--------+------------+------+-----+---------+-------+
2 rows in set (5.9952 sec)

 MySQL  localhost:3306  evaluacion_2  SQL > select * from tablaa;
+----+--------+
| id | nombre |
+----+--------+
|  1 | A      |
|  2 | B      |
|  3 | C      |
|  4 | D      |
|  5 | E      |
|  1 | A      |
|  2 | B      |
|  3 | C      |
|  4 | D      |
|  5 | E      |
|  1 | A      |
|  2 | B      |
|  3 | C      |
|  4 | D      |
|  5 | E      |
+----+--------+
15 rows in set (0.0003 sec)

 MySQL  localhost:3306  evaluacion_2  SQL > delete tablaa;
ERROR: 1064 (42000): You have an error in your SQL syntax; check the manual that corresponds to your MySQL server version for the right syntax to use near '' at line 1

 MySQL  localhost:3306  evaluacion_2  SQL > drop table tablaa;
Query OK, 0 rows affected (0.3242 sec)

 MySQL  localhost:3306  evaluacion_2  SQL > drop table tablab;
Query OK, 0 rows affected (0.7317 sec)      create table tablaA (id int, nombre varchar(5));
Query OK, 0 rows affected (0.4432 sec)      insert into tablaa(id,nombre) values(1,'A'),(2,'B'),(3,'C'),(4,'D'),(5,'E');
Query OK, 5 rows affected (1.7005 sec)SQL > insert into tablaa(id,nombre) values(1,'A'),(2,'B'),(3,'C'),(4,'D'),(5,'E');
 MySQL  localhost:3306  evaluacion_2  SQL > insert into tablab(id,nombre) values(1,'A'),(2,'B'),(3,'X'),(4,'Y'),(5,'Z');
Records: 5  Duplicates: 0  Warnings: 0      insert into tablab(id,nombre) values(1,'A'),(2,'B'),(3,'X'),(4,'Y'),(5,'Z');
                                            insert into tablab(id,nombre) values(1,'A'),(2,'B'),(3,'X'),(4,'Y'),(5,'Z');
Query OK, 5 rows affected (0.1107 sec)SQL > insert into tablab(id,nombre) values(1,'A'),(2,'B'),(3,'X'),(4,'Y'),(5,'Z');
 MySQL  localhost:3306  evaluacion_2  SQL > insert into tablaa(id,nombre) values(1,'A'),(2,'B'),(3,'C'),(4,'D'),(5,'E');
Records: 5  Duplicates: 0  Warnings: 0

 MySQL  localhost:3306  evaluacion_2  SQL > select * from tablaa;
+----+--------+
| id | nombre |
+----+--------+
|  1 | A      |
|  2 | B      |
|  3 | C      |
|  4 | D      |
|  5 | E      |
+----+--------+
5 rows in set (0.0003 sec)

 MySQL  localhost:3306  evaluacion_2  SQL > select * from tablab;
+----+--------+
| id | nombre |
+----+--------+
|  1 | A      |
|  2 | B      |
|  3 | X      |
|  4 | Y      |
|  5 | Z      |
+----+--------+
5 rows in set (0.0004 sec)

 MySQL  localhost:3306  evaluacion_2  SQL > select * from orders where CustomerID is null;
ERROR: 1146 (42S02): Table 'evaluacion_2.orders' doesn't exist

 MySQL  localhost:3306  evaluacion_2  SQL > \us enorthwind
                                        ... ;
ERROR: 1064 (42000): You have an error in your SQL syntax; check the manual that corresponds to your MySQL server version for the right syntax to use near '\us enorthwind' at line 1

 MySQL  localhost:3306  evaluacion_2  SQL > \use northwind
Default schema set to `northwind`.
Fetching table and column names from `northwind` for auto-completion... Press ^C to stop.

 MySQL  localhost:3306  northwind  SQL > select * from orders where CustomerID is null;
+---------+------------+------------+---------------------+---------------------+---------------------+---------+----------+----------------------------+-------------------------+----------------+------------+----------------+-------------+
| OrderID | CustomerID | EmployeeID | OrderDate           | RequiredDate        | ShippedDate         | ShipVia | Freight  | ShipName                   | ShipAddress             | ShipCity       | ShipRegion | ShipPostalCode | ShipCountry |
+---------+------------+------------+---------------------+---------------------+---------------------+---------+----------+----------------------------+-------------------------+----------------+------------+----------------+-------------+
|   10261 | NULL       |          4 | 1996-07-19 00:00:00 | 1996-08-16 00:00:00 | 1996-07-30 00:00:00 |       2 |   3.0500 | Que Delcia                 | Rua da Panificadora, 12 | Rio de Janeiro | RJ         | 02389-673      | Brazil      |
|   10262 | NULL       |          8 | 1996-07-22 00:00:00 | 1996-08-19 00:00:00 | 1996-07-25 00:00:00 |       3 |  48.2900 | Rattlesnake Canyon Grocery | 2817 Milton Dr.         | Albuquerque    | NM         | 87110          | USA         |
|   10263 | NULL       |          9 | 1996-07-23 00:00:00 | 1996-08-20 00:00:00 | 1996-07-31 00:00:00 |       3 | 146.0600 | Ernst Handel               | Kirchgasse 6            | Graz           | NULL       | 8010           | Austria     |
|   10264 | NULL       |          6 | 1996-07-24 00:00:00 | 1996-08-21 00:00:00 | 1996-08-23 00:00:00 |       3 |   3.6700 | Folk och f HB              | kergatan 24             | Brcke          | NULL       | S-844 67       | Sweden      |
+---------+------------+------------+---------------------+---------------------+---------------------+---------+----------+----------------------------+-------------------------+----------------+------------+----------------+-------------+
4 rows in set (0.0004 sec)

 MySQL  localhost:3306  northwind  SQL > select a.orderid, b.productname from orders
                                     ... left join products b
                                     ... on ;
ERROR: 1064 (42000): You have an error in your SQL syntax; check the manual that corresponds to your MySQL server version for the right syntax to use near '' at line 3

 MySQL  localhost:3306  northwind  SQL > select a.orderid, b.productname from orderdetails
                                     ... left join products b
                                     ... on a.productid = b.productid
                                     ... where a.productid is null;
ERROR: 1054 (42S22): Unknown column 'a.orderid' in 'field list'

 MySQL  localhost:3306  northwind  SQL > select a.orderid, b.productname from orderdetails a left join products b on a.productid = b.productid where a.productid is null;
Empty set (0.0003 sec)

 MySQL  localhost:3306  northwind  SQL > select a.orderid, b.productname from orderdetails a left join products b on a.productid = b.productid where b.productid is null;
Empty set (0.0012 sec)

 MySQL  localhost:3306  northwind  SQL > select a.orderid, b.productname from orderdetails a left join products b on a.productid = b.productid where a.productid is null;
Empty set (0.0003 sec)

 MySQL  localhost:3306  northwind  SQL > select a.orderid, b.productname from orderdetails a left join products b on a.productid = b.productid;
+---------+----------------------------------+
| orderid | productname                      |
+---------+----------------------------------+
|   10285 | Chai                             |
|   10294 | Chai                             |
|   10317 | Chai                             |
|   10348 | Chai                             |
|   10354 | Chai                             |
|   10370 | Chai                             |
|   10406 | Chai                             |
|   10413 | Chai                             |
|   10477 | Chai                             |
|   10522 | Chai                             |
|   10526 | Chai                             |
|   10576 | Chai                             |
|   10590 | Chai                             |
|   10609 | Chai                             |
|   10611 | Chai                             |
|   10628 | Chai                             |
|   10646 | Chai                             |
|   10689 | Chai                             |
|   10691 | Chai                             |
|   10700 | Chai                             |
|   10729 | Chai                             |
|   10752 | Chai                             |
|   10838 | Chai                             |
|   10847 | Chai                             |
|   10863 | Chai                             |
|   10869 | Chai                             |
|   10905 | Chai                             |
|   10911 | Chai                             |
|   10918 | Chai                             |
|   10935 | Chai                             |
|   11003 | Chai                             |
|   11005 | Chai                             |
|   11006 | Chai                             |
|   11025 | Chai                             |
|   11031 | Chai                             |
|   11035 | Chai                             |
|   11047 | Chai                             |
|   11070 | Chai                             |
|   10255 | Chang                            |
|   10258 | Chang                            |
|   10264 | Chang                            |
|   10298 | Chang                            |
|   10327 | Chang                            |
|   10335 | Chang                            |
|   10342 | Chang                            |
|   10393 | Chang                            |
|   10418 | Chang                            |
|   10435 | Chang                            |
|   10440 | Chang                            |
|   10469 | Chang                            |
|   10485 | Chang                            |
|   10504 | Chang                            |
|   10611 | Chang                            |
|   10622 | Chang                            |
|   10632 | Chang                            |
|   10641 | Chang                            |
|   10703 | Chang                            |
|   10714 | Chang                            |
|   10722 | Chang                            |
|   10741 | Chang                            |
|   10766 | Chang                            |
|   10787 | Chang                            |
|   10792 | Chang                            |
|   10806 | Chang                            |
|   10813 | Chang                            |
|   10829 | Chang                            |
|   10851 | Chang                            |
|   10852 | Chang                            |
|   10856 | Chang                            |
|   10866 | Chang                            |
|   10885 | Chang                            |
|   10888 | Chang                            |
|   10939 | Chang                            |
|   10991 | Chang                            |
|   11021 | Chang                            |
|   11030 | Chang                            |
|   11041 | Chang                            |
|   11049 | Chang                            |
|   11070 | Chang                            |
|   11072 | Chang                            |
|   11075 | Chang                            |
|   11077 | Chang                            |
|   10289 | Aniseed Syrup                    |
|   10405 | Aniseed Syrup                    |
|   10485 | Aniseed Syrup                    |
|   10540 | Aniseed Syrup                    |
|   10591 | Aniseed Syrup                    |
|   10702 | Aniseed Syrup                    |
|   10742 | Aniseed Syrup                    |
|   10764 | Aniseed Syrup                    |
|   10849 | Aniseed Syrup                    |
|   10857 | Aniseed Syrup                    |
|   11017 | Aniseed Syrup                    |
|   11077 | Aniseed Syrup                    |
|   10309 | Chef Anton's Cajun Seasoning     |
|   10326 | Chef Anton's Cajun Seasoning     |
|   10336 | Chef Anton's Cajun Seasoning     |
|   10339 | Chef Anton's Cajun Seasoning     |
|   10344 | Chef Anton's Cajun Seasoning     |
|   10464 | Chef Anton's Cajun Seasoning     |
|   10511 | Chef Anton's Cajun Seasoning     |
|   10527 | Chef Anton's Cajun Seasoning     |
|   10533 | Chef Anton's Cajun Seasoning     |
|   10606 | Chef Anton's Cajun Seasoning     |
|   10635 | Chef Anton's Cajun Seasoning     |
|   10636 | Chef Anton's Cajun Seasoning     |
|   10654 | Chef Anton's Cajun Seasoning     |
|   10704 | Chef Anton's Cajun Seasoning     |
|   10726 | Chef Anton's Cajun Seasoning     |
|   10846 | Chef Anton's Cajun Seasoning     |
|   10913 | Chef Anton's Cajun Seasoning     |
|   10950 | Chef Anton's Cajun Seasoning     |
|   11000 | Chef Anton's Cajun Seasoning     |
|   11077 | Chef Anton's Cajun Seasoning     |
|   10258 | Chef Anton's Gumbo Mix           |
|   10262 | Chef Anton's Gumbo Mix           |
|   10290 | Chef Anton's Gumbo Mix           |
|   10382 | Chef Anton's Gumbo Mix           |
|   10635 | Chef Anton's Gumbo Mix           |
|   10708 | Chef Anton's Gumbo Mix           |
|   10848 | Chef Anton's Gumbo Mix           |
|   10958 | Chef Anton's Gumbo Mix           |
|   11030 | Chef Anton's Gumbo Mix           |
|   11047 | Chef Anton's Gumbo Mix           |
|   10309 | Grandma's Boysenberry Spread     |
|   10325 | Grandma's Boysenberry Spread     |
|   10618 | Grandma's Boysenberry Spread     |
|   10734 | Grandma's Boysenberry Spread     |
|   10830 | Grandma's Boysenberry Spread     |
|   10871 | Grandma's Boysenberry Spread     |
|   10934 | Grandma's Boysenberry Spread     |
|   10949 | Grandma's Boysenberry Spread     |
|   10952 | Grandma's Boysenberry Spread     |
|   10989 | Grandma's Boysenberry Spread     |
|   11076 | Grandma's Boysenberry Spread     |
|   11077 | Grandma's Boysenberry Spread     |
|   10262 | Uncle Bob's Organic Dried Pears  |
|   10385 | Uncle Bob's Organic Dried Pears  |
|   10459 | Uncle Bob's Organic Dried Pears  |
|   10471 | Uncle Bob's Organic Dried Pears  |
|   10511 | Uncle Bob's Organic Dried Pears  |
|   10546 | Uncle Bob's Organic Dried Pears  |
|   10591 | Uncle Bob's Organic Dried Pears  |
|   10607 | Uncle Bob's Organic Dried Pears  |
|   10634 | Uncle Bob's Organic Dried Pears  |
|   10694 | Uncle Bob's Organic Dried Pears  |
|   10766 | Uncle Bob's Organic Dried Pears  |
|   10790 | Uncle Bob's Organic Dried Pears  |
|   10833 | Uncle Bob's Organic Dried Pears  |
|   10858 | Uncle Bob's Organic Dried Pears  |
|   10908 | Uncle Bob's Organic Dried Pears  |
|   10909 | Uncle Bob's Organic Dried Pears  |
|   10940 | Uncle Bob's Organic Dried Pears  |
|   10958 | Uncle Bob's Organic Dried Pears  |
|   10962 | Uncle Bob's Organic Dried Pears  |
|   10979 | Uncle Bob's Organic Dried Pears  |
|   10982 | Uncle Bob's Organic Dried Pears  |
|   10987 | Uncle Bob's Organic Dried Pears  |
|   10988 | Uncle Bob's Organic Dried Pears  |
|   11001 | Uncle Bob's Organic Dried Pears  |
|   11010 | Uncle Bob's Organic Dried Pears  |
|   11023 | Uncle Bob's Organic Dried Pears  |
|   11056 | Uncle Bob's Organic Dried Pears  |
|   11071 | Uncle Bob's Organic Dried Pears  |
|   11077 | Uncle Bob's Organic Dried Pears  |
|   10344 | Northwoods Cranberry Sauce       |
|   10345 | Northwoods Cranberry Sauce       |
|   10511 | Northwoods Cranberry Sauce       |
|   10522 | Northwoods Cranberry Sauce       |
|   10695 | Northwoods Cranberry Sauce       |
|   10709 | Northwoods Cranberry Sauce       |
|   10786 | Northwoods Cranberry Sauce       |
|   10829 | Northwoods Cranberry Sauce       |
|   10893 | Northwoods Cranberry Sauce       |
|   10975 | Northwoods Cranberry Sauce       |
|   10978 | Northwoods Cranberry Sauce       |
|   11007 | Northwoods Cranberry Sauce       |
|   11077 | Northwoods Cranberry Sauce       |
|   10420 | Mishi Kobe Niku                  |
|   10515 | Mishi Kobe Niku                  |
|   10687 | Mishi Kobe Niku                  |
|   10693 | Mishi Kobe Niku                  |
|   10848 | Mishi Kobe Niku                  |
|   10273 | Ikura                            |
|   10276 | Ikura                            |
|   10357 | Ikura                            |
|   10389 | Ikura                            |
|   10449 | Ikura                            |
|   10450 | Ikura                            |
|   10478 | Ikura                            |
|   10519 | Ikura                            |
|   10524 | Ikura                            |
|   10568 | Ikura                            |
|   10609 | Ikura                            |
|   10612 | Ikura                            |
|   10646 | Ikura                            |
|   10664 | Ikura                            |
|   10676 | Ikura                            |
|   10685 | Ikura                            |
|   10688 | Ikura                            |
|   10713 | Ikura                            |
|   10715 | Ikura                            |
|   10724 | Ikura                            |
|   10775 | Ikura                            |
|   10785 | Ikura                            |
|   10804 | Ikura                            |
|   10827 | Ikura                            |
|   10841 | Ikura                            |
|   10854 | Ikura                            |
|   10874 | Ikura                            |
|   10886 | Ikura                            |
|   10924 | Ikura                            |
|   10946 | Ikura                            |
|   10949 | Ikura                            |
|   11020 | Ikura                            |
|   11077 | Ikura                            |
|   10248 | Queso Cabrales                   |
|   10296 | Queso Cabrales                   |
|   10327 | Queso Cabrales                   |
|   10353 | Queso Cabrales                   |
|   10365 | Queso Cabrales                   |
|   10407 | Queso Cabrales                   |
|   10434 | Queso Cabrales                   |
|   10442 | Queso Cabrales                   |
|   10443 | Queso Cabrales                   |
|   10466 | Queso Cabrales                   |
|   10486 | Queso Cabrales                   |
|   10489 | Queso Cabrales                   |
|   10528 | Queso Cabrales                   |
|   10535 | Queso Cabrales                   |
|   10542 | Queso Cabrales                   |
|   10545 | Queso Cabrales                   |
|   10553 | Queso Cabrales                   |
|   10566 | Queso Cabrales                   |
|   10570 | Queso Cabrales                   |
|   10614 | Queso Cabrales                   |
|   10637 | Queso Cabrales                   |
|   10698 | Queso Cabrales                   |
|   10726 | Queso Cabrales                   |
|   10770 | Queso Cabrales                   |
|   10797 | Queso Cabrales                   |
|   10800 | Queso Cabrales                   |
|   10823 | Queso Cabrales                   |
|   10842 | Queso Cabrales                   |
|   10862 | Queso Cabrales                   |
|   10869 | Queso Cabrales                   |
|   10889 | Queso Cabrales                   |
|   10912 | Queso Cabrales                   |
|   10926 | Queso Cabrales                   |
|   10944 | Queso Cabrales                   |
|   10986 | Queso Cabrales                   |
|   10989 | Queso Cabrales                   |
|   11043 | Queso Cabrales                   |
|   11073 | Queso Cabrales                   |
|   10266 | Queso Manchego La Pastora        |
|   10439 | Queso Manchego La Pastora        |
|   10536 | Queso Manchego La Pastora        |
|   10543 | Queso Manchego La Pastora        |
|   10633 | Queso Manchego La Pastora        |
|   10678 | Queso Manchego La Pastora        |
|   10695 | Queso Manchego La Pastora        |
|   10718 | Queso Manchego La Pastora        |
|   10968 | Queso Manchego La Pastora        |
|   10979 | Queso Manchego La Pastora        |
|   11018 | Queso Manchego La Pastora        |
|   11046 | Queso Manchego La Pastora        |
|   11049 | Queso Manchego La Pastora        |
|   11077 | Queso Manchego La Pastora        |
|   10276 | Konbu                            |
|   10291 | Konbu                            |
|   10325 | Konbu                            |
|   10383 | Konbu                            |
|   10391 | Konbu                            |
|   10394 | Konbu                            |
|   10420 | Konbu                            |
|   10462 | Konbu                            |
|   10508 | Konbu                            |
|   10526 | Konbu                            |
|   10539 | Konbu                            |
|   10601 | Konbu                            |
|   10613 | Konbu                            |
|   10633 | Konbu                            |
|   10737 | Konbu                            |
|   10746 | Konbu                            |
|   10799 | Konbu                            |
|   10810 | Konbu                            |
|   10829 | Konbu                            |
|   10832 | Konbu                            |
|   10837 | Konbu                            |
|   10854 | Konbu                            |
|   10894 | Konbu                            |
|   10898 | Konbu                            |
|   10903 | Konbu                            |
|   10926 | Konbu                            |
|   10931 | Konbu                            |
|   10938 | Konbu                            |
|   10940 | Konbu                            |
|   10943 | Konbu                            |
|   10945 | Konbu                            |
|   10962 | Konbu                            |
|   10983 | Konbu                            |
|   11002 | Konbu                            |
|   11025 | Konbu                            |
|   11031 | Konbu                            |
|   11036 | Konbu                            |
|   11059 | Konbu                            |
|   11071 | Konbu                            |
|   11077 | Konbu                            |
|   10249 | Tofu                             |
|   10325 | Tofu                             |
|   10333 | Tofu                             |
|   10375 | Tofu                             |
|   10393 | Tofu                             |
|   10409 | Tofu                             |
|   10412 | Tofu                             |
|   10427 | Tofu                             |
|   10474 | Tofu                             |
|   10503 | Tofu                             |
|   10555 | Tofu                             |
|   10571 | Tofu                             |
|   10580 | Tofu                             |
|   10623 | Tofu                             |
|   10625 | Tofu                             |
|   10656 | Tofu                             |
|   10675 | Tofu                             |
|   10733 | Tofu                             |
|   10750 | Tofu                             |
|   10794 | Tofu                             |
|   11076 | Tofu                             |
|   11077 | Tofu                             |
|   10283 | Genen Shouyu                     |
|   10323 | Genen Shouyu                     |
|   10500 | Genen Shouyu                     |
|   10579 | Genen Shouyu                     |
|   10592 | Genen Shouyu                     |
|   10657 | Genen Shouyu                     |
|   10255 | Pavlova                          |
|   10263 | Pavlova                          |
|   10287 | Pavlova                          |
|   10296 | Pavlova                          |
|   10310 | Pavlova                          |
|   10324 | Pavlova                          |
|   10359 | Pavlova                          |
|   10403 | Pavlova                          |
|   10439 | Pavlova                          |
|   10440 | Pavlova                          |
|   10454 | Pavlova                          |
|   10469 | Pavlova                          |
|   10489 | Pavlova                          |
|   10515 | Pavlova                          |
|   10551 | Pavlova                          |
|   10553 | Pavlova                          |
|   10554 | Pavlova                          |
|   10572 | Pavlova                          |
|   10605 | Pavlova                          |
|   10653 | Pavlova                          |
|   10671 | Pavlova                          |
|   10673 | Pavlova                          |
|   10680 | Pavlova                          |
|   10706 | Pavlova                          |
|   10718 | Pavlova                          |
|   10730 | Pavlova                          |
|   10738 | Pavlova                          |
|   10779 | Pavlova                          |
|   10795 | Pavlova                          |
|   10855 | Pavlova                          |
|   10871 | Pavlova                          |
|   10877 | Pavlova                          |
|   10909 | Pavlova                          |
|   10916 | Pavlova                          |
|   10919 | Pavlova                          |
|   10932 | Pavlova                          |
|   10954 | Pavlova                          |
|   10984 | Pavlova                          |
|   10985 | Pavlova                          |
|   11066 | Pavlova                          |
|   11070 | Pavlova                          |
|   11074 | Pavlova                          |
|   11077 | Pavlova                          |
|   10265 | Alice Mutton                     |
|   10279 | Alice Mutton                     |
|   10294 | Alice Mutton                     |
|   10302 | Alice Mutton                     |
|   10319 | Alice Mutton                     |
|   10338 | Alice Mutton                     |
|   10339 | Alice Mutton                     |
|   10346 | Alice Mutton                     |
|   10415 | Alice Mutton                     |
|   10430 | Alice Mutton                     |
|   10431 | Alice Mutton                     |
|   10444 | Alice Mutton                     |
|   10523 | Alice Mutton                     |
|   10530 | Alice Mutton                     |
|   10550 | Alice Mutton                     |
|   10564 | Alice Mutton                     |
|   10573 | Alice Mutton                     |
|   10607 | Alice Mutton                     |
|   10686 | Alice Mutton                     |
|   10696 | Alice Mutton                     |
|   10698 | Alice Mutton                     |
|   10714 | Alice Mutton                     |
|   10727 | Alice Mutton                     |
|   10773 | Alice Mutton                     |
|   10795 | Alice Mutton                     |
|   10801 | Alice Mutton                     |
|   10852 | Alice Mutton                     |
|   10861 | Alice Mutton                     |
|   10871 | Alice Mutton                     |
|   10890 | Alice Mutton                     |
|   10911 | Alice Mutton                     |
|   10915 | Alice Mutton                     |
|   10922 | Alice Mutton                     |
|   10949 | Alice Mutton                     |
|   10972 | Alice Mutton                     |
|   11059 | Alice Mutton                     |
|   11064 | Alice Mutton                     |
|   10293 | Carnarvon Tigers                 |
|   10305 | Carnarvon Tigers                 |
|   10332 | Carnarvon Tigers                 |
|   10340 | Carnarvon Tigers                 |
|   10382 | Carnarvon Tigers                 |
|   10470 | Carnarvon Tigers                 |
|   10516 | Carnarvon Tigers                 |
|   10566 | Carnarvon Tigers                 |
|   10588 | Carnarvon Tigers                 |
|   10634 | Carnarvon Tigers                 |
|   10639 | Carnarvon Tigers                 |
|   10644 | Carnarvon Tigers                 |
|   10645 | Carnarvon Tigers                 |
|   10719 | Carnarvon Tigers                 |
|   10745 | Carnarvon Tigers                 |
|   10756 | Carnarvon Tigers                 |
|   10789 | Carnarvon Tigers                 |
|   10838 | Carnarvon Tigers                 |
|   10853 | Carnarvon Tigers                 |
|   10861 | Carnarvon Tigers                 |
|   10877 | Carnarvon Tigers                 |
|   10935 | Carnarvon Tigers                 |
|   10964 | Carnarvon Tigers                 |
|   10985 | Carnarvon Tigers                 |
|   11018 | Carnarvon Tigers                 |
|   11026 | Carnarvon Tigers                 |
|   11053 | Carnarvon Tigers                 |
|   10281 | Teatime Chocolate Biscuits       |
|   10283 | Teatime Chocolate Biscuits       |
|   10299 | Teatime Chocolate Biscuits       |
|   10329 | Teatime Chocolate Biscuits       |
|   10345 | Teatime Chocolate Biscuits       |
|   10414 | Teatime Chocolate Biscuits       |
|   10416 | Teatime Chocolate Biscuits       |
|   10421 | Teatime Chocolate Biscuits       |
|   10438 | Teatime Chocolate Biscuits       |
|   10446 | Teatime Chocolate Biscuits       |
|   10447 | Teatime Chocolate Biscuits       |
|   10463 | Teatime Chocolate Biscuits       |
|   10487 | Teatime Chocolate Biscuits       |
|   10550 | Teatime Chocolate Biscuits       |
|   10555 | Teatime Chocolate Biscuits       |
|   10621 | Teatime Chocolate Biscuits       |
|   10623 | Teatime Chocolate Biscuits       |
|   10647 | Teatime Chocolate Biscuits       |
|   10651 | Teatime Chocolate Biscuits       |
|   10676 | Teatime Chocolate Biscuits       |
|   10681 | Teatime Chocolate Biscuits       |
|   10697 | Teatime Chocolate Biscuits       |
|   10710 | Teatime Chocolate Biscuits       |
|   10711 | Teatime Chocolate Biscuits       |
|   10788 | Teatime Chocolate Biscuits       |
|   10803 | Teatime Chocolate Biscuits       |
|   10811 | Teatime Chocolate Biscuits       |
|   10831 | Teatime Chocolate Biscuits       |
|   10847 | Teatime Chocolate Biscuits       |
|   10875 | Teatime Chocolate Biscuits       |
|   10910 | Teatime Chocolate Biscuits       |
|   10926 | Teatime Chocolate Biscuits       |
|   10967 | Teatime Chocolate Biscuits       |
|   11012 | Teatime Chocolate Biscuits       |
|   11022 | Teatime Chocolate Biscuits       |
|   11066 | Teatime Chocolate Biscuits       |
|   11076 | Teatime Chocolate Biscuits       |
|   10252 | Sir Rodney's Marmalade           |
|   10272 | Sir Rodney's Marmalade           |
|   10292 | Sir Rodney's Marmalade           |
|   10372 | Sir Rodney's Marmalade           |
|   10384 | Sir Rodney's Marmalade           |
|   10514 | Sir Rodney's Marmalade           |
|   10523 | Sir Rodney's Marmalade           |
|   10593 | Sir Rodney's Marmalade           |
|   10660 | Sir Rodney's Marmalade           |
|   10828 | Sir Rodney's Marmalade           |
|   10878 | Sir Rodney's Marmalade           |
|   10927 | Sir Rodney's Marmalade           |
|   10953 | Sir Rodney's Marmalade           |
|   10986 | Sir Rodney's Marmalade           |
|   11021 | Sir Rodney's Marmalade           |
|   11077 | Sir Rodney's Marmalade           |
|   10259 | Sir Rodney's Scones              |
|   10261 | Sir Rodney's Scones              |
|   10333 | Sir Rodney's Scones              |
|   10368 | Sir Rodney's Scones              |
|   10397 | Sir Rodney's Scones              |
|   10406 | Sir Rodney's Scones              |
|   10409 | Sir Rodney's Scones              |
|   10430 | Sir Rodney's Scones              |
|   10456 | Sir Rodney's Scones              |
|   10461 | Sir Rodney's Scones              |
|   10477 | Sir Rodney's Scones              |
|   10484 | Sir Rodney's Scones              |
|   10504 | Sir Rodney's Scones              |
|   10513 | Sir Rodney's Scones              |
|   10539 | Sir Rodney's Scones              |
|   10550 | Sir Rodney's Scones              |
|   10609 | Sir Rodney's Scones              |
|   10614 | Sir Rodney's Scones              |
|   10619 | Sir Rodney's Scones              |
|   10623 | Sir Rodney's Scones              |
|   10642 | Sir Rodney's Scones              |
|   10658 | Sir Rodney's Scones              |
|   10681 | Sir Rodney's Scones              |
|   10716 | Sir Rodney's Scones              |
|   10717 | Sir Rodney's Scones              |
|   10729 | Sir Rodney's Scones              |
|   10731 | Sir Rodney's Scones              |
|   10763 | Sir Rodney's Scones              |
|   10861 | Sir Rodney's Scones              |
|   10873 | Sir Rodney's Scones              |
|   10884 | Sir Rodney's Scones              |
|   10929 | Sir Rodney's Scones              |
|   10930 | Sir Rodney's Scones              |
|   10956 | Sir Rodney's Scones              |
|   10978 | Sir Rodney's Scones              |
|   10990 | Sir Rodney's Scones              |
|   11034 | Sir Rodney's Scones              |
|   11040 | Sir Rodney's Scones              |
|   11058 | Sir Rodney's Scones              |
|   10251 | Gustaf's Knckebrd                |
|   10435 | Gustaf's Knckebrd                |
|   10553 | Gustaf's Knckebrd                |
|   10603 | Gustaf's Knckebrd                |
|   10619 | Gustaf's Knckebrd                |
|   10635 | Gustaf's Knckebrd                |
|   10648 | Gustaf's Knckebrd                |
|   10651 | Gustaf's Knckebrd                |
|   10763 | Gustaf's Knckebrd                |
|   10768 | Gustaf's Knckebrd                |
|   10836 | Gustaf's Knckebrd                |
|   10844 | Gustaf's Knckebrd                |
|   10943 | Gustaf's Knckebrd                |
|   11001 | Gustaf's Knckebrd                |
|   10337 | Tunnbrd                          |
|   10348 | Tunnbrd                          |
|   10396 | Tunnbrd                          |
|   10402 | Tunnbrd                          |
|   10462 | Tunnbrd                          |
|   10470 | Tunnbrd                          |
|   10495 | Tunnbrd                          |
|   10543 | Tunnbrd                          |
|   10554 | Tunnbrd                          |
|   10621 | Tunnbrd                          |
|   10670 | Tunnbrd                          |
|   10674 | Tunnbrd                          |
|   10748 | Tunnbrd                          |
|   10811 | Tunnbrd                          |
|   10845 | Tunnbrd                          |
|   10869 | Tunnbrd                          |
|   10880 | Tunnbrd                          |
|   10935 | Tunnbrd                          |
|   11013 | Tunnbrd                          |
|   11077 | Tunnbrd                          |
|   10254 | Guaran Fantstica                 |
|   10263 | Guaran Fantstica                 |
|   10275 | Guaran Fantstica                 |
|   10280 | Guaran Fantstica                 |
|   10281 | Guaran Fantstica                 |
|   10293 | Guaran Fantstica                 |
|   10352 | Guaran Fantstica                 |
|   10355 | Guaran Fantstica                 |
|   10358 | Guaran Fantstica                 |
|   10386 | Guaran Fantstica                 |
|   10387 | Guaran Fantstica                 |
|   10446 | Guaran Fantstica                 |
|   10465 | Guaran Fantstica                 |
|   10467 | Guaran Fantstica                 |
|   10472 | Guaran Fantstica                 |
|   10498 | Guaran Fantstica                 |
|   10512 | Guaran Fantstica                 |
|   10518 | Guaran Fantstica                 |
|   10520 | Guaran Fantstica                 |
|   10541 | Guaran Fantstica                 |
|   10555 | Guaran Fantstica                 |
|   10565 | Guaran Fantstica                 |
|   10597 | Guaran Fantstica                 |
|   10620 | Guaran Fantstica                 |
|   10623 | Guaran Fantstica                 |
|   10648 | Guaran Fantstica                 |
|   10695 | Guaran Fantstica                 |
|   10704 | Guaran Fantstica                 |
|   10763 | Guaran Fantstica                 |
|   10799 | Guaran Fantstica                 |
|   10859 | Guaran Fantstica                 |
|   10866 | Guaran Fantstica                 |
|   10883 | Guaran Fantstica                 |
|   10885 | Guaran Fantstica                 |
|   10893 | Guaran Fantstica                 |
|   10895 | Guaran Fantstica                 |
|   10922 | Guaran Fantstica                 |
|   10946 | Guaran Fantstica                 |
|   10960 | Guaran Fantstica                 |
|   10968 | Guaran Fantstica                 |
|   10979 | Guaran Fantstica                 |
|   10984 | Guaran Fantstica                 |
|   10998 | Guaran Fantstica                 |
|   11000 | Guaran Fantstica                 |
|   11009 | Guaran Fantstica                 |
|   11010 | Guaran Fantstica                 |
|   11027 | Guaran Fantstica                 |
|   11031 | Guaran Fantstica                 |
|   11051 | Guaran Fantstica                 |
|   11055 | Guaran Fantstica                 |
|   11073 | Guaran Fantstica                 |
|   10323 | NuNuCa Nu-Nougat-Creme           |
|   10347 | NuNuCa Nu-Nougat-Creme           |
|   10362 | NuNuCa Nu-Nougat-Creme           |
|   10393 | NuNuCa Nu-Nougat-Creme           |
|   10467 | NuNuCa Nu-Nougat-Creme           |
|   10492 | NuNuCa Nu-Nougat-Creme           |
|   10506 | NuNuCa Nu-Nougat-Creme           |
|   10760 | NuNuCa Nu-Nougat-Creme           |
|   10761 | NuNuCa Nu-Nougat-Creme           |
|   10803 | NuNuCa Nu-Nougat-Creme           |
|   10810 | NuNuCa Nu-Nougat-Creme           |
|   10832 | NuNuCa Nu-Nougat-Creme           |
|   10840 | NuNuCa Nu-Nougat-Creme           |
|   10850 | NuNuCa Nu-Nougat-Creme           |
|   10851 | NuNuCa Nu-Nougat-Creme           |
|   10887 | NuNuCa Nu-Nougat-Creme           |
|   10919 | NuNuCa Nu-Nougat-Creme           |
|   11055 | NuNuCa Nu-Nougat-Creme           |
|   10330 | Gumbr Gummibrchen                |
|   10337 | Gumbr Gummibrchen                |
|   10357 | Gumbr Gummibrchen                |
|   10393 | Gumbr Gummibrchen                |
|   10404 | Gumbr Gummibrchen                |
|   10421 | Gumbr Gummibrchen                |
|   10422 | Gumbr Gummibrchen                |
|   10432 | Gumbr Gummibrchen                |
|   10444 | Gumbr Gummibrchen                |
|   10448 | Gumbr Gummibrchen                |
|   10458 | Gumbr Gummibrchen                |
|   10487 | Gumbr Gummibrchen                |
|   10540 | Gumbr Gummibrchen                |
|   10587 | Gumbr Gummibrchen                |
|   10592 | Gumbr Gummibrchen                |
|   10633 | Gumbr Gummibrchen                |
|   10677 | Gumbr Gummibrchen                |
|   10686 | Gumbr Gummibrchen                |
|   10713 | Gumbr Gummibrchen                |
|   10723 | Gumbr Gummibrchen                |
|   10751 | Gumbr Gummibrchen                |
|   10758 | Gumbr Gummibrchen                |
|   10796 | Gumbr Gummibrchen                |
|   10817 | Gumbr Gummibrchen                |
|   10825 | Gumbr Gummibrchen                |
|   10849 | Gumbr Gummibrchen                |
|   10857 | Gumbr Gummibrchen                |
|   10868 | Gumbr Gummibrchen                |
|   10973 | Gumbr Gummibrchen                |
|   11004 | Gumbr Gummibrchen                |
|   11021 | Gumbr Gummibrchen                |
|   11024 | Gumbr Gummibrchen                |
|   10257 | Schoggi Schokolade               |
|   10284 | Schoggi Schokolade               |
|   10441 | Schoggi Schokolade               |
|   10515 | Schoggi Schokolade               |
|   10598 | Schoggi Schokolade               |
|   10760 | Schoggi Schokolade               |
|   10858 | Schoggi Schokolade               |
|   10930 | Schoggi Schokolade               |
|   10979 | Schoggi Schokolade               |
|   10277 | Rssle Sauerkraut                 |
|   10302 | Rssle Sauerkraut                 |
|   10312 | Rssle Sauerkraut                 |
|   10319 | Rssle Sauerkraut                 |
|   10360 | Rssle Sauerkraut                 |
|   10368 | Rssle Sauerkraut                 |
|   10377 | Rssle Sauerkraut                 |
|   10387 | Rssle Sauerkraut                 |
|   10406 | Rssle Sauerkraut                 |
|   10443 | Rssle Sauerkraut                 |
|   10452 | Rssle Sauerkraut                 |
|   10458 | Rssle Sauerkraut                 |
|   10474 | Rssle Sauerkraut                 |
|   10499 | Rssle Sauerkraut                 |
|   10500 | Rssle Sauerkraut                 |
|   10509 | Rssle Sauerkraut                 |
|   10514 | Rssle Sauerkraut                 |
|   10544 | Rssle Sauerkraut                 |
|   10624 | Rssle Sauerkraut                 |
|   10643 | Rssle Sauerkraut                 |
|   10649 | Rssle Sauerkraut                 |
|   10688 | Rssle Sauerkraut                 |
|   10733 | Rssle Sauerkraut                 |
|   10740 | Rssle Sauerkraut                 |
|   10804 | Rssle Sauerkraut                 |
|   10873 | Rssle Sauerkraut                 |
|   10924 | Rssle Sauerkraut                 |
|   10937 | Rssle Sauerkraut                 |
|   10952 | Rssle Sauerkraut                 |
|   10976 | Rssle Sauerkraut                 |
|   11008 | Rssle Sauerkraut                 |
|   11039 | Rssle Sauerkraut                 |
|   11068 | Rssle Sauerkraut                 |
|   10268 | Thringer Rostbratwurst           |
|   10290 | Thringer Rostbratwurst           |
|   10305 | Thringer Rostbratwurst           |
|   10354 | Thringer Rostbratwurst           |
|   10360 | Thringer Rostbratwurst           |
|   10369 | Thringer Rostbratwurst           |
|   10382 | Thringer Rostbratwurst           |
|   10400 | Thringer Rostbratwurst           |
|   10440 | Thringer Rostbratwurst           |
|   10465 | Thringer Rostbratwurst           |
|   10510 | Thringer Rostbratwurst           |
|   10583 | Thringer Rostbratwurst           |
|   10624 | Thringer Rostbratwurst           |
|   10629 | Thringer Rostbratwurst           |
|   10666 | Thringer Rostbratwurst           |
|   10687 | Thringer Rostbratwurst           |
|   10691 | Thringer Rostbratwurst           |
|   10698 | Thringer Rostbratwurst           |
|   10772 | Thringer Rostbratwurst           |
|   10787 | Thringer Rostbratwurst           |
|   10791 | Thringer Rostbratwurst           |
|   10801 | Thringer Rostbratwurst           |
|   10834 | Thringer Rostbratwurst           |
|   10857 | Thringer Rostbratwurst           |
|   10893 | Thringer Rostbratwurst           |
|   10897 | Thringer Rostbratwurst           |
|   10912 | Thringer Rostbratwurst           |
|   10971 | Thringer Rostbratwurst           |
|   10993 | Thringer Rostbratwurst           |
|   11006 | Thringer Rostbratwurst           |
|   11007 | Thringer Rostbratwurst           |
|   11030 | Thringer Rostbratwurst           |
|   10263 | Nord-Ost Matjeshering            |
|   10282 | Nord-Ost Matjeshering            |
|   10306 | Nord-Ost Matjeshering            |
|   10327 | Nord-Ost Matjeshering            |
|   10329 | Nord-Ost Matjeshering            |
|   10338 | Nord-Ost Matjeshering            |
|   10380 | Nord-Ost Matjeshering            |
|   10401 | Nord-Ost Matjeshering            |
|   10461 | Nord-Ost Matjeshering            |
|   10468 | Nord-Ost Matjeshering            |
|   10522 | Nord-Ost Matjeshering            |
|   10524 | Nord-Ost Matjeshering            |
|   10532 | Nord-Ost Matjeshering            |
|   10534 | Nord-Ost Matjeshering            |
|   10560 | Nord-Ost Matjeshering            |
|   10650 | Nord-Ost Matjeshering            |
|   10652 | Nord-Ost Matjeshering            |
|   10719 | Nord-Ost Matjeshering            |
|   10728 | Nord-Ost Matjeshering            |
|   10734 | Nord-Ost Matjeshering            |
|   10751 | Nord-Ost Matjeshering            |
|   10786 | Nord-Ost Matjeshering            |
|   10802 | Nord-Ost Matjeshering            |
|   10834 | Nord-Ost Matjeshering            |
|   10866 | Nord-Ost Matjeshering            |
|   10891 | Nord-Ost Matjeshering            |
|   10893 | Nord-Ost Matjeshering            |
|   10897 | Nord-Ost Matjeshering            |
|   10917 | Nord-Ost Matjeshering            |
|   10957 | Nord-Ost Matjeshering            |
|   11015 | Nord-Ost Matjeshering            |
|   11065 | Nord-Ost Matjeshering            |
|   10253 | Gorgonzola Telino                |
|   10272 | Gorgonzola Telino                |
|   10273 | Gorgonzola Telino                |
|   10325 | Gorgonzola Telino                |
|   10335 | Gorgonzola Telino                |
|   10342 | Gorgonzola Telino                |
|   10356 | Gorgonzola Telino                |
|   10359 | Gorgonzola Telino                |
|   10363 | Gorgonzola Telino                |
|   10374 | Gorgonzola Telino                |
|   10376 | Gorgonzola Telino                |
|   10390 | Gorgonzola Telino                |
|   10393 | Gorgonzola Telino                |
|   10423 | Gorgonzola Telino                |
|   10446 | Gorgonzola Telino                |
|   10475 | Gorgonzola Telino                |
|   10496 | Gorgonzola Telino                |
|   10536 | Gorgonzola Telino                |
|   10537 | Gorgonzola Telino                |
|   10549 | Gorgonzola Telino                |
|   10553 | Gorgonzola Telino                |
|   10564 | Gorgonzola Telino                |
|   10567 | Gorgonzola Telino                |
|   10569 | Gorgonzola Telino                |
|   10576 | Gorgonzola Telino                |
|   10584 | Gorgonzola Telino                |
|   10659 | Gorgonzola Telino                |
|   10668 | Gorgonzola Telino                |
|   10680 | Gorgonzola Telino                |
|   10705 | Gorgonzola Telino                |
|   10722 | Gorgonzola Telino                |
|   10730 | Gorgonzola Telino                |
|   10747 | Gorgonzola Telino                |
|   10768 | Gorgonzola Telino                |
|   10773 | Gorgonzola Telino                |
|   10774 | Gorgonzola Telino                |
|   10776 | Gorgonzola Telino                |
|   10782 | Gorgonzola Telino                |
|   10783 | Gorgonzola Telino                |
|   10812 | Gorgonzola Telino                |
|   10826 | Gorgonzola Telino                |
|   10833 | Gorgonzola Telino                |
|   10855 | Gorgonzola Telino                |
|   10886 | Gorgonzola Telino                |
|   10941 | Gorgonzola Telino                |
|   10945 | Gorgonzola Telino                |
|   10953 | Gorgonzola Telino                |
|   10954 | Gorgonzola Telino                |
|   10979 | Gorgonzola Telino                |
|   11016 | Gorgonzola Telino                |
|   11070 | Gorgonzola Telino                |
|   10258 | Mascarpone Fabioli               |
|   10314 | Mascarpone Fabioli               |
|   10335 | Mascarpone Fabioli               |
|   10513 | Mascarpone Fabioli               |
|   10547 | Mascarpone Fabioli               |
|   10572 | Mascarpone Fabioli               |
|   10705 | Mascarpone Fabioli               |
|   10759 | Mascarpone Fabioli               |
|   10818 | Mascarpone Fabioli               |
|   10916 | Mascarpone Fabioli               |
|   10985 | Mascarpone Fabioli               |
|   10997 | Mascarpone Fabioli               |
|   11046 | Mascarpone Fabioli               |
|   11053 | Mascarpone Fabioli               |
|   11077 | Mascarpone Fabioli               |
|   10252 | Geitost                          |
|   10269 | Geitost                          |
|   10271 | Geitost                          |
|   10273 | Geitost                          |
|   10341 | Geitost                          |
|   10382 | Geitost                          |
|   10410 | Geitost                          |
|   10414 | Geitost                          |
|   10415 | Geitost                          |
|   10454 | Geitost                          |
|   10473 | Geitost                          |
|   10515 | Geitost                          |
|   10528 | Geitost                          |
|   10536 | Geitost                          |
|   10539 | Geitost                          |
|   10562 | Geitost                          |
|   10574 | Geitost                          |
|   10607 | Geitost                          |
|   10632 | Geitost                          |
|   10677 | Geitost                          |
|   10678 | Geitost                          |
|   10682 | Geitost                          |
|   10815 | Geitost                          |
|   10850 | Geitost                          |
|   10861 | Geitost                          |
|   10913 | Geitost                          |
|   10915 | Geitost                          |
|   10951 | Geitost                          |
|   10972 | Geitost                          |
|   11024 | Geitost                          |
|   11045 | Geitost                          |
|   11054 | Geitost                          |
|   10287 | Sasquatch Ale                    |
|   10315 | Sasquatch Ale                    |
|   10358 | Sasquatch Ale                    |
|   10367 | Sasquatch Ale                    |
|   10386 | Sasquatch Ale                    |
|   10438 | Sasquatch Ale                    |
|   10483 | Sasquatch Ale                    |
|   10548 | Sasquatch Ale                    |
|   10573 | Sasquatch Ale                    |
|   10688 | Sasquatch Ale                    |
|   10700 | Sasquatch Ale                    |
|   10757 | Sasquatch Ale                    |
|   10805 | Sasquatch Ale                    |
|   10890 | Sasquatch Ale                    |
|   10937 | Sasquatch Ale                    |
|   10990 | Sasquatch Ale                    |
|   11008 | Sasquatch Ale                    |
|   11063 | Sasquatch Ale                    |
|   11066 | Sasquatch Ale                    |
|   10261 | Steeleye Stout                   |
|   10281 | Steeleye Stout                   |
|   10286 | Steeleye Stout                   |
|   10321 | Steeleye Stout                   |
|   10324 | Steeleye Stout                   |
|   10390 | Steeleye Stout                   |
|   10398 | Steeleye Stout                   |
|   10400 | Steeleye Stout                   |
|   10424 | Steeleye Stout                   |
|   10444 | Steeleye Stout                   |
|   10521 | Steeleye Stout                   |
|   10546 | Steeleye Stout                   |
|   10551 | Steeleye Stout                   |
|   10553 | Steeleye Stout                   |
|   10578 | Steeleye Stout                   |
|   10587 | Steeleye Stout                   |
|   10589 | Steeleye Stout                   |
|   10595 | Steeleye Stout                   |
|   10623 | Steeleye Stout                   |
|   10697 | Steeleye Stout                   |
|   10720 | Steeleye Stout                   |
|   10740 | Steeleye Stout                   |
|   10789 | Steeleye Stout                   |
|   10821 | Steeleye Stout                   |
|   10831 | Steeleye Stout                   |
|   10836 | Steeleye Stout                   |
|   10845 | Steeleye Stout                   |
|   10864 | Steeleye Stout                   |
|   10868 | Steeleye Stout                   |
|   10870 | Steeleye Stout                   |
|   10921 | Steeleye Stout                   |
|   10957 | Steeleye Stout                   |
|   11002 | Steeleye Stout                   |
|   11035 | Steeleye Stout                   |
|   11039 | Steeleye Stout                   |
|   11046 | Steeleye Stout                   |
|   10255 | Inlagd Sill                      |
|   10270 | Inlagd Sill                      |
|   10298 | Inlagd Sill                      |
|   10313 | Inlagd Sill                      |
|   10337 | Inlagd Sill                      |
|   10342 | Inlagd Sill                      |
|   10358 | Inlagd Sill                      |
|   10371 | Inlagd Sill                      |
|   10406 | Inlagd Sill                      |
|   10525 | Inlagd Sill                      |
|   10527 | Inlagd Sill                      |
|   10547 | Inlagd Sill                      |
|   10563 | Inlagd Sill                      |
|   10610 | Inlagd Sill                      |
|   10612 | Inlagd Sill                      |
|   10645 | Inlagd Sill                      |
|   10669 | Inlagd Sill                      |
|   10687 | Inlagd Sill                      |
|   10708 | Inlagd Sill                      |
|   10718 | Inlagd Sill                      |
|   10739 | Inlagd Sill                      |
|   10756 | Inlagd Sill                      |
|   10784 | Inlagd Sill                      |
|   10838 | Inlagd Sill                      |
|   10893 | Inlagd Sill                      |
|   10925 | Inlagd Sill                      |
|   10936 | Inlagd Sill                      |
|   10984 | Inlagd Sill                      |
|   11009 | Inlagd Sill                      |
|   11016 | Inlagd Sill                      |
|   11032 | Inlagd Sill                      |
|   10259 | Gravad lax                       |
|   10337 | Gravad lax                       |
|   10408 | Gravad lax                       |
|   10523 | Gravad lax                       |
|   10847 | Gravad lax                       |
|   10966 | Gravad lax                       |
|   10329 | Cte de Blaye                     |
|   10351 | Cte de Blaye                     |
|   10353 | Cte de Blaye                     |
|   10360 | Cte de Blaye                     |
|   10372 | Cte de Blaye                     |
|   10417 | Cte de Blaye                     |
|   10424 | Cte de Blaye                     |
|   10479 | Cte de Blaye                     |
|   10518 | Cte de Blaye                     |
|   10540 | Cte de Blaye                     |
|   10541 | Cte de Blaye                     |
|   10616 | Cte de Blaye                     |
|   10672 | Cte de Blaye                     |
|   10783 | Cte de Blaye                     |
|   10805 | Cte de Blaye                     |
|   10816 | Cte de Blaye                     |
|   10817 | Cte de Blaye                     |
|   10828 | Cte de Blaye                     |
|   10831 | Cte de Blaye                     |
|   10865 | Cte de Blaye                     |
|   10889 | Cte de Blaye                     |
|   10964 | Cte de Blaye                     |
|   10981 | Cte de Blaye                     |
|   11032 | Cte de Blaye                     |
|   10253 | Chartreuse verte                 |
|   10257 | Chartreuse verte                 |
|   10297 | Chartreuse verte                 |
|   10305 | Chartreuse verte                 |
|   10323 | Chartreuse verte                 |
|   10347 | Chartreuse verte                 |
|   10361 | Chartreuse verte                 |
|   10377 | Chartreuse verte                 |
|   10445 | Chartreuse verte                 |
|   10455 | Chartreuse verte                 |
|   10477 | Chartreuse verte                 |
|   10508 | Chartreuse verte                 |
|   10577 | Chartreuse verte                 |
|   10614 | Chartreuse verte                 |
|   10643 | Chartreuse verte                 |
|   10647 | Chartreuse verte                 |
|   10654 | Chartreuse verte                 |
|   10661 | Chartreuse verte                 |
|   10762 | Chartreuse verte                 |
|   10764 | Chartreuse verte                 |
|   10784 | Chartreuse verte                 |
|   10827 | Chartreuse verte                 |
|   10830 | Chartreuse verte                 |
|   10840 | Chartreuse verte                 |
|   10865 | Chartreuse verte                 |
|   10895 | Chartreuse verte                 |
|   10899 | Chartreuse verte                 |
|   10977 | Chartreuse verte                 |
|   11069 | Chartreuse verte                 |
|   11077 | Chartreuse verte                 |
|   10267 | Boston Crab Meat                 |
|   10273 | Boston Crab Meat                 |
|   10285 | Boston Crab Meat                 |
|   10301 | Boston Crab Meat                 |
|   10303 | Boston Crab Meat                 |
|   10347 | Boston Crab Meat                 |
|   10406 | Boston Crab Meat                 |
|   10431 | Boston Crab Meat                 |
|   10448 | Boston Crab Meat                 |
|   10465 | Boston Crab Meat                 |
|   10474 | Boston Crab Meat                 |
|   10482 | Boston Crab Meat                 |
|   10484 | Boston Crab Meat                 |
|   10498 | Boston Crab Meat                 |
|   10522 | Boston Crab Meat                 |
|   10525 | Boston Crab Meat                 |
|   10534 | Boston Crab Meat                 |
|   10535 | Boston Crab Meat                 |
|   10572 | Boston Crab Meat                 |
|   10574 | Boston Crab Meat                 |
|   10607 | Boston Crab Meat                 |
|   10641 | Boston Crab Meat                 |
|   10658 | Boston Crab Meat                 |
|   10659 | Boston Crab Meat                 |
|   10663 | Boston Crab Meat                 |
|   10684 | Boston Crab Meat                 |
|   10728 | Boston Crab Meat                 |
|   10744 | Boston Crab Meat                 |
|   10748 | Boston Crab Meat                 |
|   10754 | Boston Crab Meat                 |
|   10807 | Boston Crab Meat                 |
|   10811 | Boston Crab Meat                 |
|   10817 | Boston Crab Meat                 |
|   10837 | Boston Crab Meat                 |
|   10879 | Boston Crab Meat                 |
|   10895 | Boston Crab Meat                 |
|   10919 | Boston Crab Meat                 |
|   10978 | Boston Crab Meat                 |
|   11003 | Boston Crab Meat                 |
|   11038 | Boston Crab Meat                 |
|   11063 | Boston Crab Meat                 |
|   10250 | Jack's New England Clam Chowder  |
|   10260 | Jack's New England Clam Chowder  |
|   10264 | Jack's New England Clam Chowder  |
|   10316 | Jack's New England Clam Chowder  |
|   10318 | Jack's New England Clam Chowder  |
|   10340 | Jack's New England Clam Chowder  |
|   10351 | Jack's New England Clam Chowder  |
|   10379 | Jack's New England Clam Chowder  |
|   10411 | Jack's New England Clam Chowder  |
|   10444 | Jack's New England Clam Chowder  |
|   10495 | Jack's New England Clam Chowder  |
|   10516 | Jack's New England Clam Chowder  |
|   10521 | Jack's New England Clam Chowder  |
|   10523 | Jack's New England Clam Chowder  |
|   10548 | Jack's New England Clam Chowder  |
|   10559 | Jack's New England Clam Chowder  |
|   10580 | Jack's New England Clam Chowder  |
|   10655 | Jack's New England Clam Chowder  |
|   10657 | Jack's New England Clam Chowder  |
|   10678 | Jack's New England Clam Chowder  |
|   10685 | Jack's New England Clam Chowder  |
|   10711 | Jack's New England Clam Chowder  |
|   10725 | Jack's New England Clam Chowder  |
|   10737 | Jack's New England Clam Chowder  |
|   10747 | Jack's New England Clam Chowder  |
|   10769 | Jack's New England Clam Chowder  |
|   10778 | Jack's New England Clam Chowder  |
|   10791 | Jack's New England Clam Chowder  |
|   10793 | Jack's New England Clam Chowder  |
|   10814 | Jack's New England Clam Chowder  |
|   10818 | Jack's New England Clam Chowder  |
|   10824 | Jack's New England Clam Chowder  |
|   10890 | Jack's New England Clam Chowder  |
|   10901 | Jack's New England Clam Chowder  |
|   10909 | Jack's New England Clam Chowder  |
|   10951 | Jack's New England Clam Chowder  |
|   10960 | Jack's New England Clam Chowder  |
|   10973 | Jack's New England Clam Chowder  |
|   10989 | Jack's New England Clam Chowder  |
|   10993 | Jack's New England Clam Chowder  |
|   10999 | Jack's New England Clam Chowder  |
|   11014 | Jack's New England Clam Chowder  |
|   11063 | Jack's New England Clam Chowder  |
|   11064 | Jack's New England Clam Chowder  |
|   11067 | Jack's New England Clam Chowder  |
|   11072 | Jack's New England Clam Chowder  |
|   11077 | Jack's New England Clam Chowder  |
|   10248 | Singaporean Hokkien Fried Mee    |
|   10309 | Singaporean Hokkien Fried Mee    |
|   10311 | Singaporean Hokkien Fried Mee    |
|   10332 | Singaporean Hokkien Fried Mee    |
|   10345 | Singaporean Hokkien Fried Mee    |
|   10404 | Singaporean Hokkien Fried Mee    |
|   10463 | Singaporean Hokkien Fried Mee    |
|   10492 | Singaporean Hokkien Fried Mee    |
|   10498 | Singaporean Hokkien Fried Mee    |
|   10516 | Singaporean Hokkien Fried Mee    |
|   10571 | Singaporean Hokkien Fried Mee    |
|   10588 | Singaporean Hokkien Fried Mee    |
|   10625 | Singaporean Hokkien Fried Mee    |
|   10652 | Singaporean Hokkien Fried Mee    |
|   10663 | Singaporean Hokkien Fried Mee    |
|   10673 | Singaporean Hokkien Fried Mee    |
|   10680 | Singaporean Hokkien Fried Mee    |
|   10746 | Singaporean Hokkien Fried Mee    |
|   10767 | Singaporean Hokkien Fried Mee    |
|   10776 | Singaporean Hokkien Fried Mee    |
|   10777 | Singaporean Hokkien Fried Mee    |
|   10845 | Singaporean Hokkien Fried Mee    |
|   10856 | Singaporean Hokkien Fried Mee    |
|   10882 | Singaporean Hokkien Fried Mee    |
|   10923 | Singaporean Hokkien Fried Mee    |
|   10996 | Singaporean Hokkien Fried Mee    |
|   11002 | Singaporean Hokkien Fried Mee    |
|   11007 | Singaporean Hokkien Fried Mee    |
|   11013 | Singaporean Hokkien Fried Mee    |
|   11035 | Singaporean Hokkien Fried Mee    |
|   10270 | Ipoh Coffee                      |
|   10294 | Ipoh Coffee                      |
|   10302 | Ipoh Coffee                      |
|   10309 | Ipoh Coffee                      |
|   10312 | Ipoh Coffee                      |
|   10340 | Ipoh Coffee                      |
|   10458 | Ipoh Coffee                      |
|   10464 | Ipoh Coffee                      |
|   10468 | Ipoh Coffee                      |
|   10507 | Ipoh Coffee                      |
|   10524 | Ipoh Coffee                      |
|   10530 | Ipoh Coffee                      |
|   10644 | Ipoh Coffee                      |
|   10673 | Ipoh Coffee                      |
|   10691 | Ipoh Coffee                      |
|   10706 | Ipoh Coffee                      |
|   10760 | Ipoh Coffee                      |
|   10814 | Ipoh Coffee                      |
|   10819 | Ipoh Coffee                      |
|   10831 | Ipoh Coffee                      |
|   10842 | Ipoh Coffee                      |
|   10923 | Ipoh Coffee                      |
|   10938 | Ipoh Coffee                      |
|   10982 | Ipoh Coffee                      |
|   10987 | Ipoh Coffee                      |
|   11023 | Ipoh Coffee                      |
|   11052 | Ipoh Coffee                      |
|   11068 | Ipoh Coffee                      |
|   10278 | Gula Malacca                     |
|   10284 | Gula Malacca                     |
|   10291 | Gula Malacca                     |
|   10351 | Gula Malacca                     |
|   10411 | Gula Malacca                     |
|   10452 | Gula Malacca                     |
|   10469 | Gula Malacca                     |
|   10491 | Gula Malacca                     |
|   10518 | Gula Malacca                     |
|   10551 | Gula Malacca                     |
|   10561 | Gula Malacca                     |
|   10576 | Gula Malacca                     |
|   10624 | Gula Malacca                     |
|   10656 | Gula Malacca                     |
|   10676 | Gula Malacca                     |
|   10691 | Gula Malacca                     |
|   10721 | Gula Malacca                     |
|   10745 | Gula Malacca                     |
|   10796 | Gula Malacca                     |
|   10832 | Gula Malacca                     |
|   10944 | Gula Malacca                     |
|   10978 | Gula Malacca                     |
|   11034 | Gula Malacca                     |
|   11042 | Gula Malacca                     |
|   10388 | Rogede sild                      |
|   10465 | Rogede sild                      |
|   10502 | Rogede sild                      |
|   10549 | Rogede sild                      |
|   10638 | Rogede sild                      |
|   10713 | Rogede sild                      |
|   10740 | Rogede sild                      |
|   10750 | Rogede sild                      |
|   10753 | Rogede sild                      |
|   10776 | Rogede sild                      |
|   10847 | Rogede sild                      |
|   10896 | Rogede sild                      |
|   10954 | Rogede sild                      |
|   11013 | Rogede sild                      |
|   10287 | Spegesild                        |
|   10324 | Spegesild                        |
|   10390 | Spegesild                        |
|   10395 | Spegesild                        |
|   10417 | Spegesild                        |
|   10428 | Spegesild                        |
|   10436 | Spegesild                        |
|   10454 | Spegesild                        |
|   10459 | Spegesild                        |
|   10466 | Spegesild                        |
|   10512 | Spegesild                        |
|   10643 | Spegesild                        |
|   10644 | Spegesild                        |
|   10657 | Spegesild                        |
|   10670 | Spegesild                        |
|   10696 | Spegesild                        |
|   10713 | Spegesild                        |
|   10743 | Spegesild                        |
|   10813 | Spegesild                        |
|   10876 | Spegesild                        |
|   10943 | Spegesild                        |
|   10969 | Spegesild                        |
|   10997 | Spegesild                        |
|   11001 | Spegesild                        |
|   11019 | Spegesild                        |
|   11075 | Spegesild                        |
|   11077 | Spegesild                        |
|   10332 | Zaanse koeken                    |
|   10418 | Zaanse koeken                    |
|   10431 | Zaanse koeken                    |
|   10480 | Zaanse koeken                    |
|   10512 | Zaanse koeken                    |
|   10558 | Zaanse koeken                    |
|   10585 | Zaanse koeken                    |
|   10656 | Zaanse koeken                    |
|   10657 | Zaanse koeken                    |
|   10684 | Zaanse koeken                    |
|   10685 | Zaanse koeken                    |
|   10699 | Zaanse koeken                    |
|   10710 | Zaanse koeken                    |
|   10714 | Zaanse koeken                    |
|   10755 | Zaanse koeken                    |
|   10762 | Zaanse koeken                    |
|   10837 | Zaanse koeken                    |
|   10875 | Zaanse koeken                    |
|   10928 | Zaanse koeken                    |
|   10956 | Zaanse koeken                    |
|   10977 | Zaanse koeken                    |
|   10403 | Chocolade                        |
|   10453 | Chocolade                        |
|   10507 | Chocolade                        |
|   10604 | Chocolade                        |
|   10704 | Chocolade                        |
|   10814 | Chocolade                        |
|   10253 | Maxilaku                         |
|   10290 | Maxilaku                         |
|   10304 | Maxilaku                         |
|   10360 | Maxilaku                         |
|   10400 | Maxilaku                         |
|   10404 | Maxilaku                         |
|   10456 | Maxilaku                         |
|   10481 | Maxilaku                         |
|   10499 | Maxilaku                         |
|   10539 | Maxilaku                         |
|   10603 | Maxilaku                         |
|   10612 | Maxilaku                         |
|   10804 | Maxilaku                         |
|   10868 | Maxilaku                         |
|   10875 | Maxilaku                         |
|   10882 | Maxilaku                         |
|   10910 | Maxilaku                         |
|   10942 | Maxilaku                         |
|   10967 | Maxilaku                         |
|   11019 | Maxilaku                         |
|   11039 | Maxilaku                         |
|   10350 | Valkoinen suklaa                 |
|   10383 | Valkoinen suklaa                 |
|   10429 | Valkoinen suklaa                 |
|   10465 | Valkoinen suklaa                 |
|   10637 | Valkoinen suklaa                 |
|   10729 | Valkoinen suklaa                 |
|   10751 | Valkoinen suklaa                 |
|   10920 | Valkoinen suklaa                 |
|   10948 | Valkoinen suklaa                 |
|   11072 | Valkoinen suklaa                 |
|   10249 | Manjimup Dried Apples            |
|   10250 | Manjimup Dried Apples            |
|   10291 | Manjimup Dried Apples            |
|   10335 | Manjimup Dried Apples            |
|   10362 | Manjimup Dried Apples            |
|   10397 | Manjimup Dried Apples            |
|   10472 | Manjimup Dried Apples            |
|   10484 | Manjimup Dried Apples            |
|   10486 | Manjimup Dried Apples            |
|   10537 | Manjimup Dried Apples            |
|   10549 | Manjimup Dried Apples            |
|   10555 | Manjimup Dried Apples            |
|   10558 | Manjimup Dried Apples            |
|   10561 | Manjimup Dried Apples            |
|   10567 | Manjimup Dried Apples            |
|   10634 | Manjimup Dried Apples            |
|   10663 | Manjimup Dried Apples            |
|   10665 | Manjimup Dried Apples            |
|   10709 | Manjimup Dried Apples            |
|   10716 | Manjimup Dried Apples            |
|   10731 | Manjimup Dried Apples            |
|   10762 | Manjimup Dried Apples            |
|   10776 | Manjimup Dried Apples            |
|   10800 | Manjimup Dried Apples            |
|   10802 | Manjimup Dried Apples            |
|   10821 | Manjimup Dried Apples            |
|   10843 | Manjimup Dried Apples            |
|   10860 | Manjimup Dried Apples            |
|   10870 | Manjimup Dried Apples            |
|   10948 | Manjimup Dried Apples            |
|   10956 | Manjimup Dried Apples            |
|   10965 | Manjimup Dried Apples            |
|   10977 | Manjimup Dried Apples            |
|   10995 | Manjimup Dried Apples            |
|   10999 | Manjimup Dried Apples            |
|   11021 | Manjimup Dried Apples            |
|   11026 | Manjimup Dried Apples            |
|   11045 | Manjimup Dried Apples            |
|   11055 | Manjimup Dried Apples            |
|   10322 | Filo Mix                         |
|   10334 | Filo Mix                         |
|   10388 | Filo Mix                         |
|   10446 | Filo Mix                         |
|   10449 | Filo Mix                         |
|   10517 | Filo Mix                         |
|   10558 | Filo Mix                         |
|   10563 | Filo Mix                         |
|   10586 | Filo Mix                         |
|   10594 | Filo Mix                         |
|   10620 | Filo Mix                         |
|   10683 | Filo Mix                         |
|   10725 | Filo Mix                         |
|   10733 | Filo Mix                         |
|   10739 | Filo Mix                         |
|   10758 | Filo Mix                         |
|   10769 | Filo Mix                         |
|   10793 | Filo Mix                         |
|   10809 | Filo Mix                         |
|   10862 | Filo Mix                         |
|   10908 | Filo Mix                         |
|   10925 | Filo Mix                         |
|   10927 | Filo Mix                         |
|   10961 | Filo Mix                         |
|   10970 | Filo Mix                         |
|   10997 | Filo Mix                         |
|   11003 | Filo Mix                         |
|   11038 | Filo Mix                         |
|   11077 | Filo Mix                         |
|   10256 | Perth Pasties                    |
|   10285 | Perth Pasties                    |
|   10306 | Perth Pasties                    |
|   10312 | Perth Pasties                    |
|   10380 | Perth Pasties                    |
|   10388 | Perth Pasties                    |
|   10395 | Perth Pasties                    |
|   10416 | Perth Pasties                    |
|   10421 | Perth Pasties                    |
|   10437 | Perth Pasties                    |
|   10455 | Perth Pasties                    |
|   10479 | Perth Pasties                    |
|   10502 | Perth Pasties                    |
|   10504 | Perth Pasties                    |
|   10520 | Perth Pasties                    |
|   10558 | Perth Pasties                    |
|   10573 | Perth Pasties                    |
|   10626 | Perth Pasties                    |
|   10650 | Perth Pasties                    |
|   10675 | Perth Pasties                    |
|   10711 | Perth Pasties                    |
|   10712 | Perth Pasties                    |
|   10825 | Perth Pasties                    |
|   10833 | Perth Pasties                    |
|   10867 | Perth Pasties                    |
|   10933 | Perth Pasties                    |
|   10962 | Perth Pasties                    |
|   11033 | Perth Pasties                    |
|   11062 | Perth Pasties                    |
|   11064 | Perth Pasties                    |
|   10288 | Tourtire                         |
|   10306 | Tourtire                         |
|   10331 | Tourtire                         |
|   10349 | Tourtire                         |
|   10352 | Tourtire                         |
|   10360 | Tourtire                         |
|   10362 | Tourtire                         |
|   10367 | Tourtire                         |
|   10375 | Tourtire                         |
|   10408 | Tourtire                         |
|   10432 | Tourtire                         |
|   10442 | Tourtire                         |
|   10445 | Tourtire                         |
|   10450 | Tourtire                         |
|   10487 | Tourtire                         |
|   10501 | Tourtire                         |
|   10524 | Tourtire                         |
|   10534 | Tourtire                         |
|   10542 | Tourtire                         |
|   10591 | Tourtire                         |
|   10600 | Tourtire                         |
|   10650 | Tourtire                         |
|   10654 | Tourtire                         |
|   10678 | Tourtire                         |
|   10693 | Tourtire                         |
|   10717 | Tourtire                         |
|   10719 | Tourtire                         |
|   10781 | Tourtire                         |
|   10792 | Tourtire                         |
|   10794 | Tourtire                         |
|   10800 | Tourtire                         |
|   10859 | Tourtire                         |
|   10882 | Tourtire                         |
|   10915 | Tourtire                         |
|   11035 | Tourtire                         |
|   11065 | Tourtire                         |
|   10254 | Pt chinois                       |
|   10280 | Pt chinois                       |
|   10342 | Pt chinois                       |
|   10356 | Pt chinois                       |
|   10389 | Pt chinois                       |
|   10398 | Pt chinois                       |
|   10425 | Pt chinois                       |
|   10451 | Pt chinois                       |
|   10461 | Pt chinois                       |
|   10476 | Pt chinois                       |
|   10485 | Pt chinois                       |
|   10529 | Pt chinois                       |
|   10559 | Pt chinois                       |
|   10564 | Pt chinois                       |
|   10606 | Pt chinois                       |
|   10615 | Pt chinois                       |
|   10630 | Pt chinois                       |
|   10668 | Pt chinois                       |
|   10707 | Pt chinois                       |
|   10725 | Pt chinois                       |
|   10728 | Pt chinois                       |
|   10802 | Pt chinois                       |
|   10872 | Pt chinois                       |
|   10902 | Pt chinois                       |
|   10930 | Pt chinois                       |
|   10948 | Pt chinois                       |
|   10990 | Pt chinois                       |
|   11001 | Pt chinois                       |
|   11002 | Pt chinois                       |
|   11028 | Pt chinois                       |
|   11056 | Pt chinois                       |
|   11064 | Pt chinois                       |
|   11077 | Pt chinois                       |
|   10262 | Gnocchi di nonna Alice           |
|   10295 | Gnocchi di nonna Alice           |
|   10301 | Gnocchi di nonna Alice           |
|   10329 | Gnocchi di nonna Alice           |
|   10346 | Gnocchi di nonna Alice           |
|   10369 | Gnocchi di nonna Alice           |
|   10383 | Gnocchi di nonna Alice           |
|   10401 | Gnocchi di nonna Alice           |
|   10426 | Gnocchi di nonna Alice           |
|   10430 | Gnocchi di nonna Alice           |
|   10433 | Gnocchi di nonna Alice           |
|   10436 | Gnocchi di nonna Alice           |
|   10458 | Gnocchi di nonna Alice           |
|   10464 | Gnocchi di nonna Alice           |
|   10471 | Gnocchi di nonna Alice           |
|   10494 | Gnocchi di nonna Alice           |
|   10497 | Gnocchi di nonna Alice           |
|   10514 | Gnocchi di nonna Alice           |
|   10519 | Gnocchi di nonna Alice           |
|   10526 | Gnocchi di nonna Alice           |
|   10555 | Gnocchi di nonna Alice           |
|   10570 | Gnocchi di nonna Alice           |
|   10596 | Gnocchi di nonna Alice           |
|   10608 | Gnocchi di nonna Alice           |
|   10616 | Gnocchi di nonna Alice           |
|   10618 | Gnocchi di nonna Alice           |
|   10637 | Gnocchi di nonna Alice           |
|   10657 | Gnocchi di nonna Alice           |
|   10664 | Gnocchi di nonna Alice           |
|   10690 | Gnocchi di nonna Alice           |
|   10712 | Gnocchi di nonna Alice           |
|   10714 | Gnocchi di nonna Alice           |
|   10727 | Gnocchi di nonna Alice           |
|   10740 | Gnocchi di nonna Alice           |
|   10748 | Gnocchi di nonna Alice           |
|   10749 | Gnocchi di nonna Alice           |
|   10755 | Gnocchi di nonna Alice           |
|   10762 | Gnocchi di nonna Alice           |
|   10781 | Gnocchi di nonna Alice           |
|   10790 | Gnocchi di nonna Alice           |
|   10808 | Gnocchi di nonna Alice           |
|   10820 | Gnocchi di nonna Alice           |
|   10841 | Gnocchi di nonna Alice           |
|   10855 | Gnocchi di nonna Alice           |
|   10884 | Gnocchi di nonna Alice           |
|   10896 | Gnocchi di nonna Alice           |
|   10944 | Gnocchi di nonna Alice           |
|   10966 | Gnocchi di nonna Alice           |
|   11018 | Gnocchi di nonna Alice           |
|   11029 | Gnocchi di nonna Alice           |
|   10251 | Ravioli Angelo                   |
|   10260 | Ravioli Angelo                   |
|   10282 | Ravioli Angelo                   |
|   10326 | Ravioli Angelo                   |
|   10355 | Ravioli Angelo                   |
|   10368 | Ravioli Angelo                   |
|   10416 | Ravioli Angelo                   |
|   10438 | Ravioli Angelo                   |
|   10535 | Ravioli Angelo                   |
|   10578 | Ravioli Angelo                   |
|   10582 | Ravioli Angelo                   |
|   10597 | Ravioli Angelo                   |
|   10707 | Ravioli Angelo                   |
|   10755 | Ravioli Angelo                   |
|   10823 | Ravioli Angelo                   |
|   10826 | Ravioli Angelo                   |
|   10836 | Ravioli Angelo                   |
|   10851 | Ravioli Angelo                   |
|   10916 | Ravioli Angelo                   |
|   10931 | Ravioli Angelo                   |
|   10983 | Ravioli Angelo                   |
|   11039 | Ravioli Angelo                   |
|   11055 | Ravioli Angelo                   |
|   10314 | Escargots de Bourgogne           |
|   10327 | Escargots de Bourgogne           |
|   10373 | Escargots de Bourgogne           |
|   10374 | Escargots de Bourgogne           |
|   10537 | Escargots de Bourgogne           |
|   10594 | Escargots de Bourgogne           |
|   10636 | Escargots de Bourgogne           |
|   10661 | Escargots de Bourgogne           |
|   10675 | Escargots de Bourgogne           |
|   10697 | Escargots de Bourgogne           |
|   10714 | Escargots de Bourgogne           |
|   10839 | Escargots de Bourgogne           |
|   10845 | Escargots de Bourgogne           |
|   10863 | Escargots de Bourgogne           |
|   10904 | Escargots de Bourgogne           |
|   10913 | Escargots de Bourgogne           |
|   10930 | Escargots de Bourgogne           |
|   11011 | Escargots de Bourgogne           |
|   10255 | Raclette Courdavault             |
|   10267 | Raclette Courdavault             |
|   10275 | Raclette Courdavault             |
|   10278 | Raclette Courdavault             |
|   10298 | Raclette Courdavault             |
|   10304 | Raclette Courdavault             |
|   10324 | Raclette Courdavault             |
|   10328 | Raclette Courdavault             |
|   10341 | Raclette Courdavault             |
|   10387 | Raclette Courdavault             |
|   10410 | Raclette Courdavault             |
|   10411 | Raclette Courdavault             |
|   10423 | Raclette Courdavault             |
|   10430 | Raclette Courdavault             |
|   10457 | Raclette Courdavault             |
|   10479 | Raclette Courdavault             |
|   10480 | Raclette Courdavault             |
|   10488 | Raclette Courdavault             |
|   10490 | Raclette Courdavault             |
|   10517 | Raclette Courdavault             |
|   10531 | Raclette Courdavault             |
|   10535 | Raclette Courdavault             |
|   10567 | Raclette Courdavault             |
|   10575 | Raclette Courdavault             |
|   10601 | Raclette Courdavault             |
|   10605 | Raclette Courdavault             |
|   10617 | Raclette Courdavault             |
|   10665 | Raclette Courdavault             |
|   10679 | Raclette Courdavault             |
|   10694 | Raclette Courdavault             |
|   10701 | Raclette Courdavault             |
|   10703 | Raclette Courdavault             |
|   10706 | Raclette Courdavault             |
|   10727 | Raclette Courdavault             |
|   10745 | Raclette Courdavault             |
|   10749 | Raclette Courdavault             |
|   10750 | Raclette Courdavault             |
|   10757 | Raclette Courdavault             |
|   10772 | Raclette Courdavault             |
|   10799 | Raclette Courdavault             |
|   10803 | Raclette Courdavault             |
|   10823 | Raclette Courdavault             |
|   10835 | Raclette Courdavault             |
|   10841 | Raclette Courdavault             |
|   10851 | Raclette Courdavault             |
|   10892 | Raclette Courdavault             |
|   10947 | Raclette Courdavault             |
|   10994 | Raclette Courdavault             |
|   11005 | Raclette Courdavault             |
|   11017 | Raclette Courdavault             |
|   11028 | Raclette Courdavault             |
|   11030 | Raclette Courdavault             |
|   11032 | Raclette Courdavault             |
|   11036 | Raclette Courdavault             |
|   10252 | Camembert Pierrot                |
|   10283 | Camembert Pierrot                |
|   10284 | Camembert Pierrot                |
|   10294 | Camembert Pierrot                |
|   10357 | Camembert Pierrot                |
|   10359 | Camembert Pierrot                |
|   10361 | Camembert Pierrot                |
|   10372 | Camembert Pierrot                |
|   10380 | Camembert Pierrot                |
|   10384 | Camembert Pierrot                |
|   10385 | Camembert Pierrot                |
|   10419 | Camembert Pierrot                |
|   10464 | Camembert Pierrot                |
|   10481 | Camembert Pierrot                |
|   10512 | Camembert Pierrot                |
|   10515 | Camembert Pierrot                |
|   10519 | Camembert Pierrot                |
|   10536 | Camembert Pierrot                |
|   10583 | Camembert Pierrot                |
|   10605 | Camembert Pierrot                |
|   10611 | Camembert Pierrot                |
|   10612 | Camembert Pierrot                |
|   10625 | Camembert Pierrot                |
|   10626 | Camembert Pierrot                |
|   10653 | Camembert Pierrot                |
|   10657 | Camembert Pierrot                |
|   10658 | Camembert Pierrot                |
|   10684 | Camembert Pierrot                |
|   10709 | Camembert Pierrot                |
|   10728 | Camembert Pierrot                |
|   10742 | Camembert Pierrot                |
|   10768 | Camembert Pierrot                |
|   10829 | Camembert Pierrot                |
|   10830 | Camembert Pierrot                |
|   10836 | Camembert Pierrot                |
|   10847 | Camembert Pierrot                |
|   10895 | Camembert Pierrot                |
|   10917 | Camembert Pierrot                |
|   10918 | Camembert Pierrot                |
|   10938 | Camembert Pierrot                |
|   10954 | Camembert Pierrot                |
|   10963 | Camembert Pierrot                |
|   10995 | Camembert Pierrot                |
|   11009 | Camembert Pierrot                |
|   11012 | Camembert Pierrot                |
|   11056 | Camembert Pierrot                |
|   11058 | Camembert Pierrot                |
|   11059 | Camembert Pierrot                |
|   11060 | Camembert Pierrot                |
|   11061 | Camembert Pierrot                |
|   11077 | Camembert Pierrot                |
|   10418 | Sirop d'rable                    |
|   10440 | Sirop d'rable                    |
|   10455 | Sirop d'rable                    |
|   10504 | Sirop d'rable                    |
|   10513 | Sirop d'rable                    |
|   10530 | Sirop d'rable                    |
|   10550 | Sirop d'rable                    |
|   10595 | Sirop d'rable                    |
|   10642 | Sirop d'rable                    |
|   10716 | Sirop d'rable                    |
|   10724 | Sirop d'rable                    |
|   10735 | Sirop d'rable                    |
|   10769 | Sirop d'rable                    |
|   10814 | Sirop d'rable                    |
|   10880 | Sirop d'rable                    |
|   10906 | Sirop d'rable                    |
|   10910 | Sirop d'rable                    |
|   10933 | Sirop d'rable                    |
|   10990 | Sirop d'rable                    |
|   10998 | Sirop d'rable                    |
|   11034 | Sirop d'rable                    |
|   11042 | Sirop d'rable                    |
|   11052 | Sirop d'rable                    |
|   11058 | Sirop d'rable                    |
|   10260 | Tarte au sucre                   |
|   10277 | Tarte au sucre                   |
|   10286 | Tarte au sucre                   |
|   10298 | Tarte au sucre                   |
|   10307 | Tarte au sucre                   |
|   10310 | Tarte au sucre                   |
|   10314 | Tarte au sucre                   |
|   10316 | Tarte au sucre                   |
|   10339 | Tarte au sucre                   |
|   10389 | Tarte au sucre                   |
|   10394 | Tarte au sucre                   |
|   10408 | Tarte au sucre                   |
|   10413 | Tarte au sucre                   |
|   10449 | Tarte au sucre                   |
|   10505 | Tarte au sucre                   |
|   10546 | Tarte au sucre                   |
|   10554 | Tarte au sucre                   |
|   10560 | Tarte au sucre                   |
|   10562 | Tarte au sucre                   |
|   10574 | Tarte au sucre                   |
|   10599 | Tarte au sucre                   |
|   10606 | Tarte au sucre                   |
|   10627 | Tarte au sucre                   |
|   10633 | Tarte au sucre                   |
|   10671 | Tarte au sucre                   |
|   10691 | Tarte au sucre                   |
|   10718 | Tarte au sucre                   |
|   10746 | Tarte au sucre                   |
|   10757 | Tarte au sucre                   |
|   10769 | Tarte au sucre                   |
|   10779 | Tarte au sucre                   |
|   10798 | Tarte au sucre                   |
|   10802 | Tarte au sucre                   |
|   10816 | Tarte au sucre                   |
|   10817 | Tarte au sucre                   |
|   10822 | Tarte au sucre                   |
|   10852 | Tarte au sucre                   |
|   10861 | Tarte au sucre                   |
|   10872 | Tarte au sucre                   |
|   10902 | Tarte au sucre                   |
|   10904 | Tarte au sucre                   |
|   10932 | Tarte au sucre                   |
|   10941 | Tarte au sucre                   |
|   10949 | Tarte au sucre                   |
|   10966 | Tarte au sucre                   |
|   10988 | Tarte au sucre                   |
|   11027 | Tarte au sucre                   |
|   11044 | Tarte au sucre                   |
|   10278 | Vegie-spread                     |
|   10293 | Vegie-spread                     |
|   10324 | Vegie-spread                     |
|   10379 | Vegie-spread                     |
|   10402 | Vegie-spread                     |
|   10429 | Vegie-spread                     |
|   10575 | Vegie-spread                     |
|   10596 | Vegie-spread                     |
|   10692 | Vegie-spread                     |
|   10747 | Vegie-spread                     |
|   10789 | Vegie-spread                     |
|   10921 | Vegie-spread                     |
|   10974 | Vegie-spread                     |
|   10977 | Vegie-spread                     |
|   10979 | Vegie-spread                     |
|   11029 | Vegie-spread                     |
|   11041 | Vegie-spread                     |
|   10289 | Wimmers gute Semmelkndel         |
|   10343 | Wimmers gute Semmelkndel         |
|   10368 | Wimmers gute Semmelkndel         |
|   10370 | Wimmers gute Semmelkndel         |
|   10426 | Wimmers gute Semmelkndel         |
|   10436 | Wimmers gute Semmelkndel         |
|   10439 | Wimmers gute Semmelkndel         |
|   10451 | Wimmers gute Semmelkndel         |
|   10470 | Wimmers gute Semmelkndel         |
|   10479 | Wimmers gute Semmelkndel         |
|   10557 | Wimmers gute Semmelkndel         |
|   10565 | Wimmers gute Semmelkndel         |
|   10574 | Wimmers gute Semmelkndel         |
|   10629 | Wimmers gute Semmelkndel         |
|   10668 | Wimmers gute Semmelkndel         |
|   10681 | Wimmers gute Semmelkndel         |
|   10757 | Wimmers gute Semmelkndel         |
|   10796 | Wimmers gute Semmelkndel         |
|   10832 | Wimmers gute Semmelkndel         |
|   10836 | Wimmers gute Semmelkndel         |
|   10845 | Wimmers gute Semmelkndel         |
|   10859 | Wimmers gute Semmelkndel         |
|   10872 | Wimmers gute Semmelkndel         |
|   10876 | Wimmers gute Semmelkndel         |
|   10957 | Wimmers gute Semmelkndel         |
|   10968 | Wimmers gute Semmelkndel         |
|   11031 | Wimmers gute Semmelkndel         |
|   11053 | Wimmers gute Semmelkndel         |
|   11072 | Wimmers gute Semmelkndel         |
|   11077 | Wimmers gute Semmelkndel         |
|   10250 | Louisiana Fiery Hot Pepper Sauce |
|   10251 | Louisiana Fiery Hot Pepper Sauce |
|   10303 | Louisiana Fiery Hot Pepper Sauce |
|   10328 | Louisiana Fiery Hot Pepper Sauce |
|   10351 | Louisiana Fiery Hot Pepper Sauce |
|   10366 | Louisiana Fiery Hot Pepper Sauce |
|   10367 | Louisiana Fiery Hot Pepper Sauce |
|   10379 | Louisiana Fiery Hot Pepper Sauce |
|   10401 | Louisiana Fiery Hot Pepper Sauce |
|   10447 | Louisiana Fiery Hot Pepper Sauce |
|   10451 | Louisiana Fiery Hot Pepper Sauce |
|   10493 | Louisiana Fiery Hot Pepper Sauce |
|   10503 | Louisiana Fiery Hot Pepper Sauce |
|   10514 | Louisiana Fiery Hot Pepper Sauce |
|   10541 | Louisiana Fiery Hot Pepper Sauce |
|   10580 | Louisiana Fiery Hot Pepper Sauce |
|   10597 | Louisiana Fiery Hot Pepper Sauce |
|   10638 | Louisiana Fiery Hot Pepper Sauce |
|   10664 | Louisiana Fiery Hot Pepper Sauce |
|   10666 | Louisiana Fiery Hot Pepper Sauce |
|   10671 | Louisiana Fiery Hot Pepper Sauce |
|   10698 | Louisiana Fiery Hot Pepper Sauce |
|   10730 | Louisiana Fiery Hot Pepper Sauce |
|   10736 | Louisiana Fiery Hot Pepper Sauce |
|   10765 | Louisiana Fiery Hot Pepper Sauce |
|   10806 | Louisiana Fiery Hot Pepper Sauce |
|   10855 | Louisiana Fiery Hot Pepper Sauce |
|   10872 | Louisiana Fiery Hot Pepper Sauce |
|   10879 | Louisiana Fiery Hot Pepper Sauce |
|   10884 | Louisiana Fiery Hot Pepper Sauce |
|   10903 | Louisiana Fiery Hot Pepper Sauce |
|   11024 | Louisiana Fiery Hot Pepper Sauce |
|   10300 | Louisiana Hot Spiced Okra        |
|   10442 | Louisiana Hot Spiced Okra        |
|   10475 | Louisiana Hot Spiced Okra        |
|   10493 | Louisiana Hot Spiced Okra        |
|   10532 | Louisiana Hot Spiced Okra        |
|   10682 | Louisiana Hot Spiced Okra        |
|   10774 | Louisiana Hot Spiced Okra        |
|   11077 | Louisiana Hot Spiced Okra        |
|   10284 | Laughing Lumberjack Lager        |
|   10502 | Laughing Lumberjack Lager        |
|   10544 | Laughing Lumberjack Lager        |
|   10670 | Laughing Lumberjack Lager        |
|   10775 | Laughing Lumberjack Lager        |
|   10864 | Laughing Lumberjack Lager        |
|   10911 | Laughing Lumberjack Lager        |
|   10923 | Laughing Lumberjack Lager        |
|   10939 | Laughing Lumberjack Lager        |
|   11054 | Laughing Lumberjack Lager        |
|   10288 | Scottish Longbreads              |
|   10300 | Scottish Longbreads              |
|   10303 | Scottish Longbreads              |
|   10307 | Scottish Longbreads              |
|   10328 | Scottish Longbreads              |
|   10334 | Scottish Longbreads              |
|   10343 | Scottish Longbreads              |
|   10385 | Scottish Longbreads              |
|   10399 | Scottish Longbreads              |
|   10417 | Scottish Longbreads              |
|   10424 | Scottish Longbreads              |
|   10460 | Scottish Longbreads              |
|   10490 | Scottish Longbreads              |
|   10521 | Scottish Longbreads              |
|   10529 | Scottish Longbreads              |
|   10540 | Scottish Longbreads              |
|   10618 | Scottish Longbreads              |
|   10622 | Scottish Longbreads              |
|   10662 | Scottish Longbreads              |
|   10700 | Scottish Longbreads              |
|   10722 | Scottish Longbreads              |
|   10756 | Scottish Longbreads              |
|   10766 | Scottish Longbreads              |
|   10789 | Scottish Longbreads              |
|   10792 | Scottish Longbreads              |
|   10830 | Scottish Longbreads              |
|   10842 | Scottish Longbreads              |
|   10869 | Scottish Longbreads              |
|   10888 | Scottish Longbreads              |
|   10903 | Scottish Longbreads              |
|   10941 | Scottish Longbreads              |
|   11013 | Scottish Longbreads              |
|   11048 | Scottish Longbreads              |
|   11064 | Scottish Longbreads              |
|   10296 | Gudbrandsdalsost                 |
|   10308 | Gudbrandsdalsost                 |
|   10311 | Gudbrandsdalsost                 |
|   10350 | Gudbrandsdalsost                 |
|   10356 | Gudbrandsdalsost                 |
|   10364 | Gudbrandsdalsost                 |
|   10392 | Gudbrandsdalsost                 |
|   10395 | Gudbrandsdalsost                 |
|   10407 | Gudbrandsdalsost                 |
|   10419 | Gudbrandsdalsost                 |
|   10493 | Gudbrandsdalsost                 |
|   10529 | Gudbrandsdalsost                 |
|   10552 | Gudbrandsdalsost                 |
|   10583 | Gudbrandsdalsost                 |
|   10593 | Gudbrandsdalsost                 |
|   10595 | Gudbrandsdalsost                 |
|   10640 | Gudbrandsdalsost                 |
|   10667 | Gudbrandsdalsost                 |
|   10693 | Gudbrandsdalsost                 |
|   10717 | Gudbrandsdalsost                 |
|   10746 | Gudbrandsdalsost                 |
|   10747 | Gudbrandsdalsost                 |
|   10752 | Gudbrandsdalsost                 |
|   10755 | Gudbrandsdalsost                 |
|   10756 | Gudbrandsdalsost                 |
|   10796 | Gudbrandsdalsost                 |
|   10894 | Gudbrandsdalsost                 |
|   10962 | Gudbrandsdalsost                 |
|   10964 | Gudbrandsdalsost                 |
|   11022 | Gudbrandsdalsost                 |
|   11033 | Gudbrandsdalsost                 |
|   10260 | Outback Lager                    |
|   10265 | Outback Lager                    |
|   10299 | Outback Lager                    |
|   10308 | Outback Lager                    |
|   10315 | Outback Lager                    |
|   10380 | Outback Lager                    |
|   10389 | Outback Lager                    |
|   10420 | Outback Lager                    |
|   10453 | Outback Lager                    |
|   10476 | Outback Lager                    |
|   10485 | Outback Lager                    |
|   10506 | Outback Lager                    |
|   10517 | Outback Lager                    |
|   10538 | Outback Lager                    |
|   10616 | Outback Lager                    |
|   10621 | Outback Lager                    |
|   10640 | Outback Lager                    |
|   10659 | Outback Lager                    |
|   10694 | Outback Lager                    |
|   10697 | Outback Lager                    |
|   10698 | Outback Lager                    |
|   10707 | Outback Lager                    |
|   10758 | Outback Lager                    |
|   10780 | Outback Lager                    |
|   10810 | Outback Lager                    |
|   10822 | Outback Lager                    |
|   10824 | Outback Lager                    |
|   10842 | Outback Lager                    |
|   10846 | Outback Lager                    |
|   10850 | Outback Lager                    |
|   10858 | Outback Lager                    |
|   10880 | Outback Lager                    |
|   10885 | Outback Lager                    |
|   10900 | Outback Lager                    |
|   10991 | Outback Lager                    |
|   11017 | Outback Lager                    |
|   11037 | Outback Lager                    |
|   11057 | Outback Lager                    |
|   11062 | Outback Lager                    |
|   10274 | Flotemysost                      |
|   10304 | Flotemysost                      |
|   10309 | Flotemysost                      |
|   10320 | Flotemysost                      |
|   10333 | Flotemysost                      |
|   10364 | Flotemysost                      |
|   10373 | Flotemysost                      |
|   10378 | Flotemysost                      |
|   10387 | Flotemysost                      |
|   10396 | Flotemysost                      |
|   10399 | Flotemysost                      |
|   10401 | Flotemysost                      |
|   10407 | Flotemysost                      |
|   10447 | Flotemysost                      |
|   10455 | Flotemysost                      |
|   10458 | Flotemysost                      |
|   10473 | Flotemysost                      |
|   10541 | Flotemysost                      |
|   10598 | Flotemysost                      |
|   10605 | Flotemysost                      |
|   10616 | Flotemysost                      |
|   10621 | Flotemysost                      |
|   10626 | Flotemysost                      |
|   10646 | Flotemysost                      |
|   10667 | Flotemysost                      |
|   10672 | Flotemysost                      |
|   10700 | Flotemysost                      |
|   10701 | Flotemysost                      |
|   10715 | Flotemysost                      |
|   10720 | Flotemysost                      |
|   10768 | Flotemysost                      |
|   10771 | Flotemysost                      |
|   10847 | Flotemysost                      |
|   10901 | Flotemysost                      |
|   10914 | Flotemysost                      |
|   10938 | Flotemysost                      |
|   11008 | Flotemysost                      |
|   11011 | Flotemysost                      |
|   11012 | Flotemysost                      |
|   11024 | Flotemysost                      |
|   11031 | Flotemysost                      |
|   11038 | Flotemysost                      |
|   10248 | Mozzarella di Giovanni           |
|   10268 | Mozzarella di Giovanni           |
|   10269 | Mozzarella di Giovanni           |
|   10272 | Mozzarella di Giovanni           |
|   10274 | Mozzarella di Giovanni           |
|   10283 | Mozzarella di Giovanni           |
|   10297 | Mozzarella di Giovanni           |
|   10325 | Mozzarella di Giovanni           |
|   10330 | Mozzarella di Giovanni           |
|   10337 | Mozzarella di Giovanni           |
|   10372 | Mozzarella di Giovanni           |
|   10390 | Mozzarella di Giovanni           |
|   10396 | Mozzarella di Giovanni           |
|   10435 | Mozzarella di Giovanni           |
|   10459 | Mozzarella di Giovanni           |
|   10497 | Mozzarella di Giovanni           |
|   10528 | Mozzarella di Giovanni           |
|   10533 | Mozzarella di Giovanni           |
|   10537 | Mozzarella di Giovanni           |
|   10538 | Mozzarella di Giovanni           |
|   10556 | Mozzarella di Giovanni           |
|   10575 | Mozzarella di Giovanni           |
|   10607 | Mozzarella di Giovanni           |
|   10638 | Mozzarella di Giovanni           |
|   10649 | Mozzarella di Giovanni           |
|   10742 | Mozzarella di Giovanni           |
|   10745 | Mozzarella di Giovanni           |
|   10784 | Mozzarella di Giovanni           |
|   10798 | Mozzarella di Giovanni           |
|   10812 | Mozzarella di Giovanni           |
|   10839 | Mozzarella di Giovanni           |
|   10926 | Mozzarella di Giovanni           |
|   10932 | Mozzarella di Giovanni           |
|   10941 | Mozzarella di Giovanni           |
|   10958 | Mozzarella di Giovanni           |
|   10987 | Mozzarella di Giovanni           |
|   10992 | Mozzarella di Giovanni           |
|   11021 | Mozzarella di Giovanni           |
|   10278 | Rd Kaviar                        |
|   10420 | Rd Kaviar                        |
|   10488 | Rd Kaviar                        |
|   10533 | Rd Kaviar                        |
|   10537 | Rd Kaviar                        |
|   10558 | Rd Kaviar                        |
|   10600 | Rd Kaviar                        |
|   10627 | Rd Kaviar                        |
|   10670 | Rd Kaviar                        |
|   10693 | Rd Kaviar                        |
|   10703 | Rd Kaviar                        |
|   10751 | Rd Kaviar                        |
|   10881 | Rd Kaviar                        |
|   11077 | Rd Kaviar                        |
|   10254 | Longlife Tofu                    |
|   10263 | Longlife Tofu                    |
|   10370 | Longlife Tofu                    |
|   10381 | Longlife Tofu                    |
|   10382 | Longlife Tofu                    |
|   10418 | Longlife Tofu                    |
|   10439 | Longlife Tofu                    |
|   10486 | Longlife Tofu                    |
|   10753 | Longlife Tofu                    |
|   10781 | Longlife Tofu                    |
|   10806 | Longlife Tofu                    |
|   10846 | Longlife Tofu                    |
|   10998 | Longlife Tofu                    |
|   10280 | Rhnbru Klosterbier               |
|   10293 | Rhnbru Klosterbier               |
|   10294 | Rhnbru Klosterbier               |
|   10312 | Rhnbru Klosterbier               |
|   10326 | Rhnbru Klosterbier               |
|   10347 | Rhnbru Klosterbier               |
|   10363 | Rhnbru Klosterbier               |
|   10436 | Rhnbru Klosterbier               |
|   10460 | Rhnbru Klosterbier               |
|   10474 | Rhnbru Klosterbier               |
|   10490 | Rhnbru Klosterbier               |
|   10510 | Rhnbru Klosterbier               |
|   10514 | Rhnbru Klosterbier               |
|   10552 | Rhnbru Klosterbier               |
|   10557 | Rhnbru Klosterbier               |
|   10572 | Rhnbru Klosterbier               |
|   10577 | Rhnbru Klosterbier               |
|   10579 | Rhnbru Klosterbier               |
|   10581 | Rhnbru Klosterbier               |
|   10596 | Rhnbru Klosterbier               |
|   10613 | Rhnbru Klosterbier               |
|   10631 | Rhnbru Klosterbier               |
|   10634 | Rhnbru Klosterbier               |
|   10670 | Rhnbru Klosterbier               |
|   10682 | Rhnbru Klosterbier               |
|   10722 | Rhnbru Klosterbier               |
|   10736 | Rhnbru Klosterbier               |
|   10761 | Rhnbru Klosterbier               |
|   10773 | Rhnbru Klosterbier               |
|   10785 | Rhnbru Klosterbier               |
|   10786 | Rhnbru Klosterbier               |
|   10788 | Rhnbru Klosterbier               |
|   10819 | Rhnbru Klosterbier               |
|   10894 | Rhnbru Klosterbier               |
|   10907 | Rhnbru Klosterbier               |
|   10924 | Rhnbru Klosterbier               |
|   10929 | Rhnbru Klosterbier               |
|   10932 | Rhnbru Klosterbier               |
|   10951 | Rhnbru Klosterbier               |
|   10955 | Rhnbru Klosterbier               |
|   10959 | Rhnbru Klosterbier               |
|   10973 | Rhnbru Klosterbier               |
|   10975 | Rhnbru Klosterbier               |
|   10980 | Rhnbru Klosterbier               |
|   10998 | Rhnbru Klosterbier               |
|   11077 | Rhnbru Klosterbier               |
|   10267 | Lakkalikri                       |
|   10273 | Lakkalikri                       |
|   10318 | Lakkalikri                       |
|   10319 | Lakkalikri                       |
|   10343 | Lakkalikri                       |
|   10363 | Lakkalikri                       |
|   10399 | Lakkalikri                       |
|   10413 | Lakkalikri                       |
|   10425 | Lakkalikri                       |
|   10434 | Lakkalikri                       |
|   10475 | Lakkalikri                       |
|   10530 | Lakkalikri                       |
|   10566 | Lakkalikri                       |
|   10569 | Lakkalikri                       |
|   10575 | Lakkalikri                       |
|   10582 | Lakkalikri                       |
|   10593 | Lakkalikri                       |
|   10604 | Lakkalikri                       |
|   10612 | Lakkalikri                       |
|   10630 | Lakkalikri                       |
|   10665 | Lakkalikri                       |
|   10701 | Lakkalikri                       |
|   10702 | Lakkalikri                       |
|   10732 | Lakkalikri                       |
|   10734 | Lakkalikri                       |
|   10749 | Lakkalikri                       |
|   10808 | Lakkalikri                       |
|   10837 | Lakkalikri                       |
|   10860 | Lakkalikri                       |
|   10879 | Lakkalikri                       |
|   10927 | Lakkalikri                       |
|   10928 | Lakkalikri                       |
|   10961 | Lakkalikri                       |
|   10962 | Lakkalikri                       |
|   10986 | Lakkalikri                       |
|   10991 | Lakkalikri                       |
|   11004 | Lakkalikri                       |
|   11050 | Lakkalikri                       |
|   11075 | Lakkalikri                       |
|   10256 | Original Frankfurter grne Soe    |
|   10257 | Original Frankfurter grne Soe    |
|   10290 | Original Frankfurter grne Soe    |
|   10366 | Original Frankfurter grne Soe    |
|   10367 | Original Frankfurter grne Soe    |
|   10399 | Original Frankfurter grne Soe    |
|   10417 | Original Frankfurter grne Soe    |
|   10421 | Original Frankfurter grne Soe    |
|   10451 | Original Frankfurter grne Soe    |
|   10483 | Original Frankfurter grne Soe    |
|   10491 | Original Frankfurter grne Soe    |
|   10495 | Original Frankfurter grne Soe    |
|   10497 | Original Frankfurter grne Soe    |
|   10554 | Original Frankfurter grne Soe    |
|   10577 | Original Frankfurter grne Soe    |
|   10587 | Original Frankfurter grne Soe    |
|   10590 | Original Frankfurter grne Soe    |
|   10602 | Original Frankfurter grne Soe    |
|   10646 | Original Frankfurter grne Soe    |
|   10658 | Original Frankfurter grne Soe    |
|   10690 | Original Frankfurter grne Soe    |
|   10735 | Original Frankfurter grne Soe    |
|   10780 | Original Frankfurter grne Soe    |
|   10812 | Original Frankfurter grne Soe    |
|   10823 | Original Frankfurter grne Soe    |
|   10835 | Original Frankfurter grne Soe    |
|   10841 | Original Frankfurter grne Soe    |
|   10885 | Original Frankfurter grne Soe    |
|   10886 | Original Frankfurter grne Soe    |
|   10929 | Original Frankfurter grne Soe    |
|   10946 | Original Frankfurter grne Soe    |
|   10986 | Original Frankfurter grne Soe    |
|   10999 | Original Frankfurter grne Soe    |
|   11000 | Original Frankfurter grne Soe    |
|   11015 | Original Frankfurter grne Soe    |
|   11060 | Original Frankfurter grne Soe    |
|   11068 | Original Frankfurter grne Soe    |
|   11077 | Original Frankfurter grne Soe    |
+---------+----------------------------------+
2155 rows in set (0.0008 sec)

 MySQL  localhost:3306  northwind  SQL > select a.orderid, b.productname from orderdetails a left join products b on a.productid = b.productid where a.productid is null
                                     ... UNION
                                     ... select a.orderid, b.productname from orderdetails a right join products b on a.productid = b.productid where b.productid is null;
Empty set (0.0009 sec)

 MySQL  localhost:3306  northwind  SQL > select a.orderid, b.productname from orderdetails a left join products b on a.productid = b.productid where b.productid is null UNION select a.orderid, b.productname from orderdetails a right join products b on a.productid = a.productid where b.productid is null;
Empty set (0.0013 sec)

 MySQL  localhost:3306  northwind  SQL > select a.orderid, b.productname from orderdetails a left join products b on a.productid = b.productid where b.productid is null UNION select a.orderid, b.productname from orderdetails a right join products b on a.productid = a.productid where a.productid is null;
Empty set (0.0014 sec)

 MySQL  localhost:3306  northwind  SQL > select a.orderid, b.productname from orderdetails a left join products b on a.productid = b.productid where b.productid is null UNION select a.orderid, b.productname from orderdetails a right join products b on a.productid = b.productid where a.productid is null;
+---------+-------------+
| orderid | productname |
+---------+-------------+
|    NULL | tacos       |
+---------+-------------+
1 row in set (0.0016 sec)

 MySQL  localhost:3306  northwind  SQL > select a.customerid, b.companyname
                                     ... from orders a
                                     ... left join customers b
                                     ... on a.customerid = b.customerid
                                     ... where b.customerid is null
                                     ... UNION
                                     ... select a.customerid, b.companyname
                                     ... from orders a
                                     ... right join customers b
                                     ... on a.customerid = b.customerid
                                     ... WHERE a.customerid is null;
+------------+--------------------------------------+
| customerid | companyname                          |
+------------+--------------------------------------+
| NULL       | NULL                                 |
| NULL       | FISSA Fabrica Inter. Salchichas S.A. |
| NULL       | IT                                   |
| NULL       | Paris spcialits                      |
+------------+--------------------------------------+
4 rows in set (0.0022 sec)

 MySQL  localhost:3306  northwind  SQL > select a.customerid, b.companyname from orders a left join customers b on a.customerid = b.customerid where b.customerid is null UNION ALL select a.customerid, b.companyname from orders a right join customers b on a.customerid = b.customerid WHERE a.customerid is null;
+------------+--------------------------------------+
| customerid | companyname                          |
+------------+--------------------------------------+
| NULL       | NULL                                 |
| NULL       | NULL                                 |
| NULL       | NULL                                 |
| NULL       | NULL                                 |
| NULL       | FISSA Fabrica Inter. Salchichas S.A. |
| NULL       | IT                                   |
| NULL       | IT                                   |
| NULL       | Paris spcialits                      |
+------------+--------------------------------------+
8 rows in set (0.0016 sec)

 MySQL  localhost:3306  northwind  SQL > selecy a.orderid, a.customerid, b.companyname
                                     ... from orders a
                                     ... left join customers b
                                     ... on a.customerid = b.customerid
                                     ... where b.customerid is null
                                     ... UNION ALL
                                     ... select a.orderid, a.customerid, b.companyname
                                     ... from orders a
                                     ... right join customers b
                                     ... on a.customerid = b.customerid
                                     ... where a.customerid is null;
ERROR: 1064 (42000): You have an error in your SQL syntax; check the manual that corresponds to your MySQL server version for the right syntax to use near 'selecy a.orderid, a.customerid, b.companyname
from orders a
left join customers ' at line 1

 MySQL  localhost:3306  northwind  SQL > select a.orderid, a.customerid, b.companyname from orders a left join customers b on a.customerid = b.customerid where b.customerid is null UNION ALL select a.orderid, a.customerid, b.companyname from orders a right join customers b on a.customerid = b.customerid where a.customerid is null;
+---------+------------+--------------------------------------+
| orderid | customerid | companyname                          |
+---------+------------+--------------------------------------+
|   10261 | NULL       | NULL                                 |
|   10262 | NULL       | NULL                                 |
|   10263 | NULL       | NULL                                 |
|   10264 | NULL       | NULL                                 |
|    NULL | NULL       | FISSA Fabrica Inter. Salchichas S.A. |
|    NULL | NULL       | IT                                   |
|    NULL | NULL       | IT                                   |
|    NULL | NULL       | Paris spcialits                      |
+---------+------------+--------------------------------------+
8 rows in set (0.0015 sec)

 MySQL  localhost:3306  northwind  SQL >